01:39:25 **** Incremental Build of configuration Debug for project controle_temperatura_RTOS ****
make -j8 all 
arm-none-eabi-gcc "../Core/Src/main.c" -mcpu=cortex-m3 -std=gnu11 -g3 -DUSE_HAL_DRIVER -DSTM32F103xB -DDEBUG -c -I../Core/Inc -I../Drivers/STM32F1xx_HAL_Driver/Inc -I../Drivers/STM32F1xx_HAL_Driver/Inc/Legacy -I../Drivers/CMSIS/Device/ST/STM32F1xx/Include -I../Drivers/CMSIS/Include -I../Middlewares/Third_Party/FreeRTOS/Source/include -I../Middlewares/Third_Party/FreeRTOS/Source/CMSIS_RTOS -I../Middlewares/Third_Party/FreeRTOS/Source/portable/GCC/ARM_CM3 -O0 -ffunction-sections -fdata-sections -Wall -fstack-usage -MMD -MP -MF"Core/Src/main.d" -MT"Core/Src/main.o" --specs=nano.specs -mfloat-abi=soft -mthumb -o "Core/Src/main.o"
arm-none-eabi-gcc -o "controle_temperatura_RTOS.elf" @"objects.list"   -mcpu=cortex-m3 -T"D:\BACKUP\Faculdade\16_Embarcados\Controlador_Temperatura\Controle-de-temperatura\Codigos\controle_temperatura_RTOS\STM32F103C8TX_FLASH.ld" --specs=nosys.specs -Wl,-Map="controle_temperatura_RTOS.map" -Wl,--gc-sections -static --specs=nano.specs -mfloat-abi=soft -mthumb -Wl,--start-group -lc -lm -Wl,--end-group
Finished building target: controle_temperatura_RTOS.elf
 
arm-none-eabi-objdump -h -S  controle_temperatura_RTOS.elf  > "controle_temperatura_RTOS.list"
arm-none-eabi-objcopy  -O binary  controle_temperatura_RTOS.elf  "controle_temperatura_RTOS.bin"
arm-none-eabi-size   controle_temperatura_RTOS.elf 
   text	   data	    bss	    dec	    hex	filename
  28164	    144	  13592	  41900	   a3ac	controle_temperatura_RTOS.elf
Finished building: default.size.stdout
 
Finished building: controle_temperatura_RTOS.bin
 
Finished building: controle_temperatura_RTOS.list
 
