Archive member included to satisfy reference by file (symbol)

c:/st/stm32cubeide_1.5.0/stm32cubeide/plugins/com.st.stm32cube.ide.mcu.externaltools.gnu-tools-for-stm32.7-2018-q2-update.win32_1.5.0.202011040924/tools/bin/../lib/gcc/arm-none-eabi/7.3.1/../../../../arm-none-eabi/lib/thumb/v7-m\libc_nano.a(lib_a-errno.o)
                              Core/Src/syscalls.o (__errno)
c:/st/stm32cubeide_1.5.0/stm32cubeide/plugins/com.st.stm32cube.ide.mcu.externaltools.gnu-tools-for-stm32.7-2018-q2-update.win32_1.5.0.202011040924/tools/bin/../lib/gcc/arm-none-eabi/7.3.1/../../../../arm-none-eabi/lib/thumb/v7-m\libc_nano.a(lib_a-exit.o)
                              c:/st/stm32cubeide_1.5.0/stm32cubeide/plugins/com.st.stm32cube.ide.mcu.externaltools.gnu-tools-for-stm32.7-2018-q2-update.win32_1.5.0.202011040924/tools/bin/../lib/gcc/arm-none-eabi/7.3.1/../../../../arm-none-eabi/lib/thumb/v7-m/crt0.o (exit)
c:/st/stm32cubeide_1.5.0/stm32cubeide/plugins/com.st.stm32cube.ide.mcu.externaltools.gnu-tools-for-stm32.7-2018-q2-update.win32_1.5.0.202011040924/tools/bin/../lib/gcc/arm-none-eabi/7.3.1/../../../../arm-none-eabi/lib/thumb/v7-m\libc_nano.a(lib_a-impure.o)
                              c:/st/stm32cubeide_1.5.0/stm32cubeide/plugins/com.st.stm32cube.ide.mcu.externaltools.gnu-tools-for-stm32.7-2018-q2-update.win32_1.5.0.202011040924/tools/bin/../lib/gcc/arm-none-eabi/7.3.1/../../../../arm-none-eabi/lib/thumb/v7-m\libc_nano.a(lib_a-exit.o) (_global_impure_ptr)
c:/st/stm32cubeide_1.5.0/stm32cubeide/plugins/com.st.stm32cube.ide.mcu.externaltools.gnu-tools-for-stm32.7-2018-q2-update.win32_1.5.0.202011040924/tools/bin/../lib/gcc/arm-none-eabi/7.3.1/../../../../arm-none-eabi/lib/thumb/v7-m\libc_nano.a(lib_a-init.o)
                              c:/st/stm32cubeide_1.5.0/stm32cubeide/plugins/com.st.stm32cube.ide.mcu.externaltools.gnu-tools-for-stm32.7-2018-q2-update.win32_1.5.0.202011040924/tools/bin/../lib/gcc/arm-none-eabi/7.3.1/../../../../arm-none-eabi/lib/thumb/v7-m/crt0.o (__libc_init_array)
c:/st/stm32cubeide_1.5.0/stm32cubeide/plugins/com.st.stm32cube.ide.mcu.externaltools.gnu-tools-for-stm32.7-2018-q2-update.win32_1.5.0.202011040924/tools/bin/../lib/gcc/arm-none-eabi/7.3.1/../../../../arm-none-eabi/lib/thumb/v7-m\libc_nano.a(lib_a-memcmp.o)
                              Middlewares/Third_Party/SEGGER/OS/SEGGER_SYSVIEW_FreeRTOS.o (memcmp)
c:/st/stm32cubeide_1.5.0/stm32cubeide/plugins/com.st.stm32cube.ide.mcu.externaltools.gnu-tools-for-stm32.7-2018-q2-update.win32_1.5.0.202011040924/tools/bin/../lib/gcc/arm-none-eabi/7.3.1/../../../../arm-none-eabi/lib/thumb/v7-m\libc_nano.a(lib_a-memcpy-stub.o)
                              Middlewares/Third_Party/FreeRTOS/Source/queue.o (memcpy)
c:/st/stm32cubeide_1.5.0/stm32cubeide/plugins/com.st.stm32cube.ide.mcu.externaltools.gnu-tools-for-stm32.7-2018-q2-update.win32_1.5.0.202011040924/tools/bin/../lib/gcc/arm-none-eabi/7.3.1/../../../../arm-none-eabi/lib/thumb/v7-m\libc_nano.a(lib_a-memset.o)
                              c:/st/stm32cubeide_1.5.0/stm32cubeide/plugins/com.st.stm32cube.ide.mcu.externaltools.gnu-tools-for-stm32.7-2018-q2-update.win32_1.5.0.202011040924/tools/bin/../lib/gcc/arm-none-eabi/7.3.1/../../../../arm-none-eabi/lib/thumb/v7-m/crt0.o (memset)
c:/st/stm32cubeide_1.5.0/stm32cubeide/plugins/com.st.stm32cube.ide.mcu.externaltools.gnu-tools-for-stm32.7-2018-q2-update.win32_1.5.0.202011040924/tools/bin/../lib/gcc/arm-none-eabi/7.3.1/../../../../arm-none-eabi/lib/thumb/v7-m\libc_nano.a(lib_a-sprintf.o)
                              Core/Src/main.o (sprintf)
c:/st/stm32cubeide_1.5.0/stm32cubeide/plugins/com.st.stm32cube.ide.mcu.externaltools.gnu-tools-for-stm32.7-2018-q2-update.win32_1.5.0.202011040924/tools/bin/../lib/gcc/arm-none-eabi/7.3.1/../../../../arm-none-eabi/lib/thumb/v7-m\libc_nano.a(lib_a-strlen.o)
                              Core/Src/main.o (strlen)
c:/st/stm32cubeide_1.5.0/stm32cubeide/plugins/com.st.stm32cube.ide.mcu.externaltools.gnu-tools-for-stm32.7-2018-q2-update.win32_1.5.0.202011040924/tools/bin/../lib/gcc/arm-none-eabi/7.3.1/../../../../arm-none-eabi/lib/thumb/v7-m\libc_nano.a(lib_a-nano-svfprintf.o)
                              c:/st/stm32cubeide_1.5.0/stm32cubeide/plugins/com.st.stm32cube.ide.mcu.externaltools.gnu-tools-for-stm32.7-2018-q2-update.win32_1.5.0.202011040924/tools/bin/../lib/gcc/arm-none-eabi/7.3.1/../../../../arm-none-eabi/lib/thumb/v7-m\libc_nano.a(lib_a-sprintf.o) (_svfprintf_r)
c:/st/stm32cubeide_1.5.0/stm32cubeide/plugins/com.st.stm32cube.ide.mcu.externaltools.gnu-tools-for-stm32.7-2018-q2-update.win32_1.5.0.202011040924/tools/bin/../lib/gcc/arm-none-eabi/7.3.1/../../../../arm-none-eabi/lib/thumb/v7-m\libc_nano.a(lib_a-nano-vfprintf_i.o)
[...]
Memory Configuration

Name             Origin             Length             Attributes
RAM              0x0000000020000000 0x0000000000005000 xrw
FLASH            0x0000000008000000 0x0000000000010000 xr
*default*        0x0000000000000000 0xffffffffffffffff

Linker script and memory map

LOAD c:/st/stm32cubeide_1.5.0/stm32cubeide/plugins/com.st.stm32cube.ide.mcu.externaltools.gnu-tools-for-stm32.7-2018-q2-update.win32_1.5.0.202011040924/tools/bin/../lib/gcc/arm-none-eabi/7.3.1/thumb/v7-m/crti.o
LOAD c:/st/stm32cubeide_1.5.0/stm32cubeide/plugins/com.st.stm32cube.ide.mcu.externaltools.gnu-tools-for-stm32.7-2018-q2-update.win32_1.5.0.202011040924/tools/bin/../lib/gcc/arm-none-eabi/7.3.1/thumb/v7-m/crtbegin.o
LOAD c:/st/stm32cubeide_1.5.0/stm32cubeide/plugins/com.st.stm32cube.ide.mcu.externaltools.gnu-tools-for-stm32.7-2018-q2-update.win32_1.5.0.202011040924/tools/bin/../lib/gcc/arm-none-eabi/7.3.1/../../../../arm-none-eabi/lib/thumb/v7-m/crt0.o
LOAD Core/Src/FIRFilter.o
LOAD Core/Src/freertos.o
LOAD Core/Src/main.o
LOAD Core/Src/stm32f1xx_hal_msp.o
LOAD Core/Src/stm32f1xx_hal_timebase_tim.o
LOAD Core/Src/stm32f1xx_it.o
LOAD Core/Src/syscalls.o
LOAD Core/Src/sysmem.o
LOAD Core/Src/system_stm32f1xx.o
LOAD Core/Startup/startup_stm32f103c8tx.o
LOAD Drivers/STM32F1xx_HAL_Driver/Src/stm32f1xx_hal.o
LOAD Drivers/STM32F1xx_HAL_Driver/Src/stm32f1xx_hal_adc.o
LOAD Drivers/STM32F1xx_HAL_Driver/Src/stm32f1xx_hal_adc_ex.o
LOAD Drivers/STM32F1xx_HAL_Driver/Src/stm32f1xx_hal_cortex.o
LOAD Drivers/STM32F1xx_HAL_Driver/Src/stm32f1xx_hal_dma.o
LOAD Drivers/STM32F1xx_HAL_Driver/Src/stm32f1xx_hal_exti.o
LOAD Drivers/STM32F1xx_HAL_Driver/Src/stm32f1xx_hal_flash.o
LOAD Drivers/STM32F1xx_HAL_Driver/Src/stm32f1xx_hal_flash_ex.o
LOAD Drivers/STM32F1xx_HAL_Driver/Src/stm32f1xx_hal_gpio.o
LOAD Drivers/STM32F1xx_HAL_Driver/Src/stm32f1xx_hal_gpio_ex.o
LOAD Drivers/STM32F1xx_HAL_Driver/Src/stm32f1xx_hal_pwr.o
LOAD Drivers/STM32F1xx_HAL_Driver/Src/stm32f1xx_hal_rcc.o
LOAD Drivers/STM32F1xx_HAL_Driver/Src/stm32f1xx_hal_rcc_ex.o
LOAD Drivers/STM32F1xx_HAL_Driver/Src/stm32f1xx_hal_tim.o
LOAD Drivers/STM32F1xx_HAL_Driver/Src/stm32f1xx_hal_tim_ex.o
LOAD Drivers/STM32F1xx_HAL_Driver/Src/stm32f1xx_hal_uart.o
LOAD Middlewares/Third_Party/FreeRTOS/Source/CMSIS_RTOS/cmsis_os.o
LOAD Middlewares/Third_Party/FreeRTOS/Source/croutine.o
LOAD Middlewares/Third_Party/FreeRTOS/Source/event_groups.o
LOAD Middlewares/Third_Party/FreeRTOS/Source/list.o
LOAD Middlewares/Third_Party/FreeRTOS/Source/queue.o
LOAD Middlewares/Third_Party/FreeRTOS/Source/stream_buffer.o
LOAD Middlewares/Third_Party/FreeRTOS/Source/tasks.o
LOAD Middlewares/Third_Party/FreeRTOS/Source/timers.o
LOAD Middlewares/Third_Party/FreeRTOS/Source/portable/GCC/ARM_CM3/port.o
LOAD Middlewares/Third_Party/FreeRTOS/Source/portable/MemMang/heap_4.o
LOAD Middlewares/Third_Party/SEGGER/Config/SEGGER_SYSVIEW_Config_FreeRTOS.o
LOAD Middlewares/Third_Party/SEGGER/OS/SEGGER_SYSVIEW_FreeRTOS.o
LOAD Middlewares/Third_Party/SEGGER/SEGGER/SEGGER_RTT.o
LOAD Middlewares/Third_Party/SEGGER/SEGGER/SEGGER_RTT_ASM_ARMv7M.o
LOAD Middlewares/Third_Party/SEGGER/SEGGER/SEGGER_RTT_printf.o
LOAD Middlewares/Third_Party/SEGGER/SEGGER/SEGGER_SYSVIEW.o
LOAD Middlewares/Third_Party/SEGGER/SEGGER/Syscalls/SEGGER_RTT_Syscalls_GCC.o
START GROUP
LOAD c:/st/stm32cubeide_1.5.0/stm32cubeide/plugins/com.st.stm32cube.ide.mcu.externaltools.gnu-tools-for-stm32.7-2018-q2-update.win32_1.5.0.202011040924/tools/bin/../lib/gcc/arm-none-eabi/7.3.1/../../../../arm-none-eabi/lib/thumb/v7-m\libc_nano.a
LOAD c:/st/stm32cubeide_1.5.0/stm32cubeide/plugins/com.st.stm32cube.ide.mcu.externaltools.gnu-tools-for-stm32.7-2018-q2-update.win32_1.5.0.202011040924/tools/bin/../lib/gcc/arm-none-eabi/7.3.1/../../../../arm-none-eabi/lib/thumb/v7-m\libm.a
END GROUP
START GROUP
LOAD c:/st/stm32cubeide_1.5.0/stm32cubeide/plugins/com.st.stm32cube.ide.mcu.externaltools.gnu-tools-for-stm32.7-2018-q2-update.win32_1.5.0.202011040924/tools/bin/../lib/gcc/arm-none-eabi/7.3.1/thumb/v7-m\libgcc.a
LOAD c:/st/stm32cubeide_1.5.0/stm32cubeide/plugins/com.st.stm32cube.ide.mcu.externaltools.gnu-tools-for-stm32.7-2018-q2-update.win32_1.5.0.202011040924/tools/bin/../lib/gcc/arm-none-eabi/7.3.1/../../../../arm-none-eabi/lib/thumb/v7-m\libc_nano.a
END GROUP
START GROUP
LOAD c:/st/stm32cubeide_1.5.0/stm32cubeide/plugins/com.st.stm32cube.ide.mcu.externaltools.gnu-tools-for-stm32.7-2018-q2-update.win32_1.5.0.202011040924/tools/bin/../lib/gcc/arm-none-eabi/7.3.1/thumb/v7-m\libgcc.a
LOAD c:/st/stm32cubeide_1.5.0/stm32cubeide/plugins/com.st.stm32cube.ide.mcu.externaltools.gnu-tools-for-stm32.7-2018-q2-update.win32_1.5.0.202011040924/tools/bin/../lib/gcc/arm-none-eabi/7.3.1/../../../../arm-none-eabi/lib/thumb/v7-m\libc_nano.a
LOAD c:/st/stm32cubeide_1.5.0/stm32cubeide/plugins/com.st.stm32cube.ide.mcu.externaltools.gnu-tools-for-stm32.7-2018-q2-update.win32_1.5.0.202011040924/tools/bin/../lib/gcc/arm-none-eabi/7.3.1/../../../../arm-none-eabi/lib/thumb/v7-m\libnosys.a
END GROUP
START GROUP
LOAD c:/st/stm32cubeide_1.5.0/stm32cubeide/plugins/com.st.stm32cube.ide.mcu.externaltools.gnu-tools-for-stm32.7-2018-q2-update.win32_1.5.0.202011040924/tools/bin/../lib/gcc/arm-none-eabi/7.3.1/thumb/v7-m\libgcc.a
LOAD c:/st/stm32cubeide_1.5.0/stm32cubeide/plugins/com.st.stm32cube.ide.mcu.externaltools.gnu-tools-for-stm32.7-2018-q2-update.win32_1.5.0.202011040924/tools/bin/../lib/gcc/arm-none-eabi/7.3.1/../../../../arm-none-eabi/lib/thumb/v7-m\libc_nano.a
LOAD c:/st/stm32cubeide_1.5.0/stm32cubeide/plugins/com.st.stm32cube.ide.mcu.externaltools.gnu-tools-for-stm32.7-2018-q2-update.win32_1.5.0.202011040924/tools/bin/../lib/gcc/arm-none-eabi/7.3.1/../../../../arm-none-eabi/lib/thumb/v7-m\libnosys.a
END GROUP
LOAD c:/st/stm32cubeide_1.5.0/stm32cubeide/plugins/com.st.stm32cube.ide.mcu.externaltools.gnu-tools-for-stm32.7-2018-q2-update.win32_1.5.0.202011040924/tools/bin/../lib/gcc/arm-none-eabi/7.3.1/thumb/v7-m/crtend.o
LOAD c:/st/stm32cubeide_1.5.0/stm32cubeide/plugins/com.st.stm32cube.ide.mcu.externaltools.gnu-tools-for-stm32.7-2018-q2-update.win32_1.5.0.202011040924/tools/bin/../lib/gcc/arm-none-eabi/7.3.1/thumb/v7-m/crtn.o
                0x0000000020005000                _estack = (ORIGIN (RAM) + LENGTH (RAM))
                0x0000000000000200                _Min_Heap_Size = 0x200
                0x0000000000000400                _Min_Stack_Size = 0x400

.isr_vector     0x0000000008000000      0x10c
                0x0000000008000000                . = ALIGN (0x4)
 *(.isr_vector)
 .isr_vector    0x0000000008000000      0x10c Core/Startup/startup_stm32f103c8tx.o
                0x0000000008000000                g_pfnVectors
                0x000000000800010c                . = ALIGN (0x4)

.text           0x0000000008000110     0x8918
                0x0000000008000110                . = ALIGN (0x4)
 *(.text)
 .text          0x0000000008000110       0x40 c:/st/stm32cubeide_1.5.0/stm32cubeide/plugins/com.st.stm32cube.ide.mcu.externaltools.gnu-tools-for-stm32.7-2018-q2-update.win32_1.5.0.202011040924/tools/bin/../lib/gcc/arm-none-eabi/7.3.1/thumb/v7-m/crtbegin.o
 .text          0x0000000008000150       0x8c Middlewares/Third_Party/SEGGER/SEGGER/SEGGER_RTT_ASM_ARMv7M.o
                0x0000000008000150                SEGGER_RTT_ASM_WriteSkipNoLock
 .text          0x00000000080001dc       0x10 c:/st/stm32cubeide_1.5.0/stm32cubeide/plugins/com.st.stm32cube.ide.mcu.externaltools.gnu-tools-for-stm32.7-2018-q2-update.win32_1.5.0.202011040924/tools/bin/../lib/gcc/arm-none-eabi/7.3.1/../../../../arm-none-eabi/lib/thumb/v7-m\libc_nano.a(lib_a-strlen.o)
                0x00000000080001dc                strlen
 .text          0x00000000080001ec      0x378 c:/st/stm32cubeide_1.5.0/stm32cubeide/plugins/com.st.stm32cube.ide.mcu.externaltools.gnu-tools-for-stm32.7-2018-q2-update.win32_1.5.0.202011040924/tools/bin/../lib/gcc/arm-none-eabi/7.3.1/thumb/v7-m\libgcc.a(_arm_addsubdf3.o)
                0x00000000080001ec                __aeabi_drsub
                0x00000000080001f4                __aeabi_dsub
                0x00000000080001f4                __subdf3
                0x00000000080001f8                __aeabi_dadd
                0x00000000080001f8                __adddf3
                0x0000000008000470                __floatunsidf
                0x0000000008000470                __aeabi_ui2d
                0x0000000008000490                __floatsidf
                0x0000000008000490                __aeabi_i2d
                0x00000000080004b4                __aeabi_f2d
                0x00000000080004b4                __extendsfdf2
                0x00000000080004f8                __floatundidf
                0x00000000080004f8                __aeabi_ul2d
                0x0000000008000508                __floatdidf
                0x0000000008000508                __aeabi_l2d
 .text          0x0000000008000564      0x424 c:/st/stm32cubeide_1.5.0/stm32cubeide/plugins/com.st.stm32cube.ide.mcu.externaltools.gnu-tools-for-stm32.7-2018-q2-update.win32_1.5.0.202011040924/tools/bin/../lib/gcc/arm-none-eabi/7.3.1/thumb/v7-m\libgcc.a(_arm_muldivdf3.o)
                0x0000000008000564                __aeabi_dmul
                0x0000000008000564                __muldf3
                0x00000000080007b8                __divdf3
                0x00000000080007b8                __aeabi_ddiv
 .text          0x0000000008000988       0xa0 c:/st/stm32cubeide_1.5.0/stm32cubeide/plugins/com.st.stm32cube.ide.mcu.externaltools.gnu-tools-for-stm32.7-2018-q2-update.win32_1.5.0.202011040924/tools/bin/../lib/gcc/arm-none-eabi/7.3.1/thumb/v7-m\libgcc.a(_arm_truncdfsf2.o)
                0x0000000008000988                __truncdfsf2
                0x0000000008000988                __aeabi_d2f
 .text          0x0000000008000a28      0x21c c:/st/stm32cubeide_1.5.0/stm32cubeide/plugins/com.st.stm32cube.ide.mcu.externaltools.gnu-tools-for-stm32.7-2018-q2-update.win32_1.5.0.202011040924/tools/bin/../lib/gcc/arm-none-eabi/7.3.1/thumb/v7-m\libgcc.a(_arm_addsubsf3.o)
                0x0000000008000a28                __aeabi_frsub
                0x0000000008000a30                __subsf3
                0x0000000008000a30                __aeabi_fsub
                0x0000000008000a34                __aeabi_fadd
                0x0000000008000a34                __addsf3
                0x0000000008000b94                __aeabi_ui2f
                0x0000000008000b94                __floatunsisf
                0x0000000008000b9c                __aeabi_i2f
                0x0000000008000b9c                __floatsisf
                0x0000000008000bb8                __aeabi_ul2f
                0x0000000008000bb8                __floatundisf
                0x0000000008000bc8                __aeabi_l2f
                0x0000000008000bc8                __floatdisf
 .text          0x0000000008000c44      0x2a0 c:/st/stm32cubeide_1.5.0/stm32cubeide/plugins/com.st.stm32cube.ide.mcu.externaltools.gnu-tools-for-stm32.7-2018-q2-update.win32_1.5.0.202011040924/tools/bin/../lib/gcc/arm-none-eabi/7.3.1/thumb/v7-m\libgcc.a(_arm_muldivsf3.o)
                0x0000000008000c44                __mulsf3
                0x0000000008000c44                __aeabi_fmul
                0x0000000008000dac                __aeabi_fdiv
                0x0000000008000dac                __divsf3
 .text          0x0000000008000ee4       0xec c:/st/stm32cubeide_1.5.0/stm32cubeide/plugins/com.st.stm32cube.ide.mcu.externaltools.gnu-tools-for-stm32.7-2018-q2-update.win32_1.5.0.202011040924/tools/bin/../lib/gcc/arm-none-eabi/7.3.1/thumb/v7-m\libgcc.a(_arm_cmpsf2.o)
                0x0000000008000ee4                __gesf2
                0x0000000008000ee4                __gtsf2
                0x0000000008000eec                __lesf2
                0x0000000008000eec                __ltsf2
                0x0000000008000ef4                __nesf2
                0x0000000008000ef4                __eqsf2
                0x0000000008000ef4                __cmpsf2
                0x0000000008000f54                __aeabi_cfrcmple
                0x0000000008000f5c                __aeabi_cfcmpeq
                0x0000000008000f5c                __aeabi_cfcmple
                0x0000000008000f6c                __aeabi_fcmpeq
                0x0000000008000f80                __aeabi_fcmplt
                0x0000000008000f94                __aeabi_fcmple
                0x0000000008000fa8                __aeabi_fcmpge
                0x0000000008000fbc                __aeabi_fcmpgt
 .text          0x0000000008000fd0       0x4c c:/st/stm32cubeide_1.5.0/stm32cubeide/plugins/com.st.stm32cube.ide.mcu.externaltools.gnu-tools-for-stm32.7-2018-q2-update.win32_1.5.0.202011040924/tools/bin/../lib/gcc/arm-none-eabi/7.3.1/thumb/v7-m\libgcc.a(_arm_fixsfsi.o)
                0x0000000008000fd0                __aeabi_f2iz
                0x0000000008000fd0                __fixsfsi
 .text          0x000000000800101c       0x40 c:/st/stm32cubeide_1.5.0/stm32cubeide/plugins/com.st.stm32cube.ide.mcu.externaltools.gnu-tools-for-stm32.7-2018-q2-update.win32_1.5.0.202011040924/tools/bin/../lib/gcc/arm-none-eabi/7.3.1/thumb/v7-m\libgcc.a(_arm_fixunssfsi.o)
                0x000000000800101c                __fixunssfsi
                0x000000000800101c                __aeabi_f2uiz
 *(.text*)
 .text.FIRFilter_Init
                0x000000000800105c       0x3e Core/Src/FIRFilter.o
                0x000000000800105c                FIRFilter_Init
 *fill*         0x000000000800109a        0x2 
 .text.FIRFilter_Update
                0x000000000800109c       0xa0 Core/Src/FIRFilter.o
                0x000000000800109c                FIRFilter_Update
 .text.vApplicationGetIdleTaskMemory
                0x000000000800113c       0x30 Core/Src/freertos.o
                0x000000000800113c                vApplicationGetIdleTaskMemory
 .text.main     0x000000000800116c      0x130 Core/Src/main.o
                0x000000000800116c                main
 .text.SystemClock_Config
                0x000000000800129c       0xb6 Core/Src/main.o
                0x000000000800129c                SystemClock_Config
 *fill*         0x0000000008001352        0x2 
 .text.MX_ADC1_Init
                0x0000000008001354       0x7c Core/Src/main.o
 .text.MX_TIM1_Init
                0x00000000080013d0      0x108 Core/Src/main.o
 .text.MX_USART1_UART_Init
                0x00000000080014d8       0x54 Core/Src/main.o
 .text.MX_GPIO_Init
                0x000000000800152c      0x110 Core/Src/main.o
 .text.Temp_taskF
                0x000000000800163c       0xdc Core/Src/main.o
                0x000000000800163c                Temp_taskF
 .text.Filter_taskF
                0x0000000008001718       0x64 Core/Src/main.o
                0x0000000008001718                Filter_taskF
 *fill*         0x000000000800177c        0x4 
 .text.Control_taskF
                0x0000000008001780      0x1bc Core/Src/main.o
                0x0000000008001780                Control_taskF
 .text.Display_taskF
                0x000000000800193c      0x134 Core/Src/main.o
                0x000000000800193c                Display_taskF
 .text.HAL_TIM_PeriodElapsedCallback
                0x0000000008001a70       0x24 Core/Src/main.o
                0x0000000008001a70                HAL_TIM_PeriodElapsedCallback
 .text.Error_Handler
                0x0000000008001a94        0x8 Core/Src/main.o
                0x0000000008001a94                Error_Handler
 .text.HAL_MspInit
                0x0000000008001a9c       0x70 Core/Src/stm32f1xx_hal_msp.o
                0x0000000008001a9c                HAL_MspInit
 .text.HAL_ADC_MspInit
                0x0000000008001b0c       0x78 Core/Src/stm32f1xx_hal_msp.o
                0x0000000008001b0c                HAL_ADC_MspInit
 .text.HAL_TIM_PWM_MspInit
                0x0000000008001b84       0x40 Core/Src/stm32f1xx_hal_msp.o
                0x0000000008001b84                HAL_TIM_PWM_MspInit
 .text.HAL_TIM_MspPostInit
                0x0000000008001bc4       0x68 Core/Src/stm32f1xx_hal_msp.o
                0x0000000008001bc4                HAL_TIM_MspPostInit
 .text.HAL_UART_MspInit
                0x0000000008001c2c       0x98 Core/Src/stm32f1xx_hal_msp.o
                0x0000000008001c2c                HAL_UART_MspInit
 .text.HAL_InitTick
                0x0000000008001cc4       0xb0 Core/Src/stm32f1xx_hal_timebase_tim.o
                0x0000000008001cc4                HAL_InitTick
 .text.NMI_Handler
                0x0000000008001d74        0x6 Core/Src/stm32f1xx_it.o
                0x0000000008001d74                NMI_Handler
 .text.HardFault_Handler
                0x0000000008001d7a        0x6 Core/Src/stm32f1xx_it.o
                0x0000000008001d7a                HardFault_Handler
 .text.MemManage_Handler
                0x0000000008001d80        0x6 Core/Src/stm32f1xx_it.o
                0x0000000008001d80                MemManage_Handler
 .text.BusFault_Handler
                0x0000000008001d86        0x6 Core/Src/stm32f1xx_it.o
                0x0000000008001d86                BusFault_Handler
 .text.UsageFault_Handler
                0x0000000008001d8c        0x6 Core/Src/stm32f1xx_it.o
                0x0000000008001d8c                UsageFault_Handler
 .text.DebugMon_Handler
                0x0000000008001d92        0xc Core/Src/stm32f1xx_it.o
                0x0000000008001d92                DebugMon_Handler
 *fill*         0x0000000008001d9e        0x2 
 .text.TIM4_IRQHandler
                0x0000000008001da0       0x14 Core/Src/stm32f1xx_it.o
                0x0000000008001da0                TIM4_IRQHandler
 .text._sbrk    0x0000000008001db4       0x6c Core/Src/sysmem.o
                0x0000000008001db4                _sbrk
 .text.SystemInit
                0x0000000008001e20        0xc Core/Src/system_stm32f1xx.o
                0x0000000008001e20                SystemInit
 .text.Reset_Handler
                0x0000000008001e2c       0x48 Core/Startup/startup_stm32f103c8tx.o
                0x0000000008001e2c                Reset_Handler
 .text.Default_Handler
                0x0000000008001e74        0x2 Core/Startup/startup_stm32f103c8tx.o
                0x0000000008001e74                RTC_Alarm_IRQHandler
                0x0000000008001e74                EXTI2_IRQHandler
                0x0000000008001e74                TIM1_CC_IRQHandler
                0x0000000008001e74                PVD_IRQHandler
                0x0000000008001e74                EXTI3_IRQHandler
                0x0000000008001e74                EXTI0_IRQHandler
                0x0000000008001e74                I2C2_EV_IRQHandler
                0x0000000008001e74                ADC1_2_IRQHandler
                0x0000000008001e74                SPI1_IRQHandler
                0x0000000008001e74                TAMPER_IRQHandler
                0x0000000008001e74                DMA1_Channel4_IRQHandler
                0x0000000008001e74                USART3_IRQHandler
                0x0000000008001e74                RTC_IRQHandler
                0x0000000008001e74                DMA1_Channel7_IRQHandler
                0x0000000008001e74                CAN1_RX1_IRQHandler
                0x0000000008001e74                I2C1_EV_IRQHandler
                0x0000000008001e74                DMA1_Channel6_IRQHandler
                0x0000000008001e74                TIM3_IRQHandler
                0x0000000008001e74                RCC_IRQHandler
                0x0000000008001e74                TIM1_TRG_COM_IRQHandler
                0x0000000008001e74                DMA1_Channel1_IRQHandler
                0x0000000008001e74                Default_Handler
                0x0000000008001e74                EXTI15_10_IRQHandler
                0x0000000008001e74                EXTI9_5_IRQHandler
                0x0000000008001e74                SPI2_IRQHandler
                0x0000000008001e74                DMA1_Channel5_IRQHandler
                0x0000000008001e74                EXTI4_IRQHandler
                0x0000000008001e74                USB_LP_CAN1_RX0_IRQHandler
                0x0000000008001e74                USB_HP_CAN1_TX_IRQHandler
                0x0000000008001e74                DMA1_Channel3_IRQHandler
                0x0000000008001e74                TIM1_UP_IRQHandler
                0x0000000008001e74                WWDG_IRQHandler
                0x0000000008001e74                TIM2_IRQHandler
                0x0000000008001e74                TIM1_BRK_IRQHandler
                0x0000000008001e74                EXTI1_IRQHandler
                0x0000000008001e74                USART2_IRQHandler
                0x0000000008001e74                I2C2_ER_IRQHandler
                0x0000000008001e74                DMA1_Channel2_IRQHandler
                0x0000000008001e74                CAN1_SCE_IRQHandler
                0x0000000008001e74                FLASH_IRQHandler
                0x0000000008001e74                USART1_IRQHandler
                0x0000000008001e74                I2C1_ER_IRQHandler
                0x0000000008001e74                USBWakeUp_IRQHandler
 *fill*         0x0000000008001e76        0x2 
 .text.HAL_Init
                0x0000000008001e78       0x2c Drivers/STM32F1xx_HAL_Driver/Src/stm32f1xx_hal.o
                0x0000000008001e78                HAL_Init
 .text.HAL_IncTick
                0x0000000008001ea4       0x24 Drivers/STM32F1xx_HAL_Driver/Src/stm32f1xx_hal.o
                0x0000000008001ea4                HAL_IncTick
 .text.HAL_GetTick
                0x0000000008001ec8       0x14 Drivers/STM32F1xx_HAL_Driver/Src/stm32f1xx_hal.o
                0x0000000008001ec8                HAL_GetTick
 .text.HAL_ADC_Init
                0x0000000008001edc      0x1b0 Drivers/STM32F1xx_HAL_Driver/Src/stm32f1xx_hal_adc.o
                0x0000000008001edc                HAL_ADC_Init
 .text.HAL_ADC_Start
                0x000000000800208c      0x15c Drivers/STM32F1xx_HAL_Driver/Src/stm32f1xx_hal_adc.o
                0x000000000800208c                HAL_ADC_Start
 .text.HAL_ADC_PollForConversion
                0x00000000080021e8      0x20c Drivers/STM32F1xx_HAL_Driver/Src/stm32f1xx_hal_adc.o
                0x00000000080021e8                HAL_ADC_PollForConversion
 .text.HAL_ADC_GetValue
                0x00000000080023f4       0x18 Drivers/STM32F1xx_HAL_Driver/Src/stm32f1xx_hal_adc.o
                0x00000000080023f4                HAL_ADC_GetValue
 .text.HAL_ADC_ConfigChannel
                0x000000000800240c      0x1f0 Drivers/STM32F1xx_HAL_Driver/Src/stm32f1xx_hal_adc.o
                0x000000000800240c                HAL_ADC_ConfigChannel
 .text.ADC_Enable
                0x00000000080025fc       0xb4 Drivers/STM32F1xx_HAL_Driver/Src/stm32f1xx_hal_adc.o
                0x00000000080025fc                ADC_Enable
 .text.ADC_ConversionStop_Disable
                0x00000000080026b0       0x82 Drivers/STM32F1xx_HAL_Driver/Src/stm32f1xx_hal_adc.o
                0x00000000080026b0                ADC_ConversionStop_Disable
 *fill*         0x0000000008002732        0x2 
 .text.__NVIC_SetPriorityGrouping
                0x0000000008002734       0x48 Drivers/STM32F1xx_HAL_Driver/Src/stm32f1xx_hal_cortex.o
 .text.__NVIC_GetPriorityGrouping
                0x000000000800277c       0x1c Drivers/STM32F1xx_HAL_Driver/Src/stm32f1xx_hal_cortex.o
 .text.__NVIC_EnableIRQ
                0x0000000008002798       0x38 Drivers/STM32F1xx_HAL_Driver/Src/stm32f1xx_hal_cortex.o
 .text.__NVIC_SetPriority
                0x00000000080027d0       0x54 Drivers/STM32F1xx_HAL_Driver/Src/stm32f1xx_hal_cortex.o
 .text.NVIC_EncodePriority
                0x0000000008002824       0x64 Drivers/STM32F1xx_HAL_Driver/Src/stm32f1xx_hal_cortex.o
 .text.HAL_NVIC_SetPriorityGrouping
                0x0000000008002888       0x16 Drivers/STM32F1xx_HAL_Driver/Src/stm32f1xx_hal_cortex.o
                0x0000000008002888                HAL_NVIC_SetPriorityGrouping
 .text.HAL_NVIC_SetPriority
                0x000000000800289e       0x38 Drivers/STM32F1xx_HAL_Driver/Src/stm32f1xx_hal_cortex.o
                0x000000000800289e                HAL_NVIC_SetPriority
 .text.HAL_NVIC_EnableIRQ
                0x00000000080028d6       0x1c Drivers/STM32F1xx_HAL_Driver/Src/stm32f1xx_hal_cortex.o
                0x00000000080028d6                HAL_NVIC_EnableIRQ
 *fill*         0x00000000080028f2        0x2 
 .text.HAL_GPIO_Init
                0x00000000080028f4      0x2b4 Drivers/STM32F1xx_HAL_Driver/Src/stm32f1xx_hal_gpio.o
                0x00000000080028f4                HAL_GPIO_Init
 .text.HAL_GPIO_ReadPin
                0x0000000008002ba8       0x2e Drivers/STM32F1xx_HAL_Driver/Src/stm32f1xx_hal_gpio.o
                0x0000000008002ba8                HAL_GPIO_ReadPin
 .text.HAL_GPIO_WritePin
                0x0000000008002bd6       0x30 Drivers/STM32F1xx_HAL_Driver/Src/stm32f1xx_hal_gpio.o
                0x0000000008002bd6                HAL_GPIO_WritePin
 *fill*         0x0000000008002c06        0x2 
 .text.HAL_RCC_OscConfig
                0x0000000008002c08      0x500 Drivers/STM32F1xx_HAL_Driver/Src/stm32f1xx_hal_rcc.o
                0x0000000008002c08                HAL_RCC_OscConfig
 .text.HAL_RCC_ClockConfig
                0x0000000008003108      0x1d4 Drivers/STM32F1xx_HAL_Driver/Src/stm32f1xx_hal_rcc.o
                0x0000000008003108                HAL_RCC_ClockConfig
 .text.HAL_RCC_GetSysClockFreq
                0x00000000080032dc       0xc4 Drivers/STM32F1xx_HAL_Driver/Src/stm32f1xx_hal_rcc.o
                0x00000000080032dc                HAL_RCC_GetSysClockFreq
 .text.HAL_RCC_GetHCLKFreq
                0x00000000080033a0       0x14 Drivers/STM32F1xx_HAL_Driver/Src/stm32f1xx_hal_rcc.o
                0x00000000080033a0                HAL_RCC_GetHCLKFreq
 .text.HAL_RCC_GetPCLK1Freq
                0x00000000080033b4       0x28 Drivers/STM32F1xx_HAL_Driver/Src/stm32f1xx_hal_rcc.o
                0x00000000080033b4                HAL_RCC_GetPCLK1Freq
 .text.HAL_RCC_GetPCLK2Freq
                0x00000000080033dc       0x28 Drivers/STM32F1xx_HAL_Driver/Src/stm32f1xx_hal_rcc.o
                0x00000000080033dc                HAL_RCC_GetPCLK2Freq
 .text.HAL_RCC_GetClockConfig
                0x0000000008003404       0x60 Drivers/STM32F1xx_HAL_Driver/Src/stm32f1xx_hal_rcc.o
                0x0000000008003404                HAL_RCC_GetClockConfig
 .text.RCC_Delay
                0x0000000008003464       0x3c Drivers/STM32F1xx_HAL_Driver/Src/stm32f1xx_hal_rcc.o
 .text.HAL_RCCEx_PeriphCLKConfig
                0x00000000080034a0      0x16c Drivers/STM32F1xx_HAL_Driver/Src/stm32f1xx_hal_rcc_ex.o
                0x00000000080034a0                HAL_RCCEx_PeriphCLKConfig
 .text.HAL_RCCEx_GetPeriphCLKFreq
                0x000000000800360c      0x178 Drivers/STM32F1xx_HAL_Driver/Src/stm32f1xx_hal_rcc_ex.o
                0x000000000800360c                HAL_RCCEx_GetPeriphCLKFreq
 .text.HAL_TIM_Base_Init
                0x0000000008003784       0x9e Drivers/STM32F1xx_HAL_Driver/Src/stm32f1xx_hal_tim.o
                0x0000000008003784                HAL_TIM_Base_Init
 .text.HAL_TIM_Base_MspInit
                0x0000000008003822       0x12 Drivers/STM32F1xx_HAL_Driver/Src/stm32f1xx_hal_tim.o
                0x0000000008003822                HAL_TIM_Base_MspInit
 .text.HAL_TIM_Base_Start_IT
                0x0000000008003834       0xa4 Drivers/STM32F1xx_HAL_Driver/Src/stm32f1xx_hal_tim.o
                0x0000000008003834                HAL_TIM_Base_Start_IT
 .text.HAL_TIM_PWM_Init
                0x00000000080038d8       0x9e Drivers/STM32F1xx_HAL_Driver/Src/stm32f1xx_hal_tim.o
                0x00000000080038d8                HAL_TIM_PWM_Init
 *fill*         0x0000000008003976        0x2 
 .text.HAL_TIM_PWM_Start
                0x0000000008003978      0x144 Drivers/STM32F1xx_HAL_Driver/Src/stm32f1xx_hal_tim.o
                0x0000000008003978                HAL_TIM_PWM_Start
 .text.HAL_TIM_IRQHandler
                0x0000000008003abc      0x210 Drivers/STM32F1xx_HAL_Driver/Src/stm32f1xx_hal_tim.o
                0x0000000008003abc                HAL_TIM_IRQHandler
 .text.HAL_TIM_PWM_ConfigChannel
                0x0000000008003ccc      0x17c Drivers/STM32F1xx_HAL_Driver/Src/stm32f1xx_hal_tim.o
                0x0000000008003ccc                HAL_TIM_PWM_ConfigChannel
 .text.HAL_TIM_OC_DelayElapsedCallback
                0x0000000008003e48       0x12 Drivers/STM32F1xx_HAL_Driver/Src/stm32f1xx_hal_tim.o
                0x0000000008003e48                HAL_TIM_OC_DelayElapsedCallback
 .text.HAL_TIM_IC_CaptureCallback
                0x0000000008003e5a       0x12 Drivers/STM32F1xx_HAL_Driver/Src/stm32f1xx_hal_tim.o
                0x0000000008003e5a                HAL_TIM_IC_CaptureCallback
 .text.HAL_TIM_PWM_PulseFinishedCallback
                0x0000000008003e6c       0x12 Drivers/STM32F1xx_HAL_Driver/Src/stm32f1xx_hal_tim.o
                0x0000000008003e6c                HAL_TIM_PWM_PulseFinishedCallback
 .text.HAL_TIM_TriggerCallback
                0x0000000008003e7e       0x12 Drivers/STM32F1xx_HAL_Driver/Src/stm32f1xx_hal_tim.o
                0x0000000008003e7e                HAL_TIM_TriggerCallback
 .text.TIM_Base_SetConfig
                0x0000000008003e90       0xc4 Drivers/STM32F1xx_HAL_Driver/Src/stm32f1xx_hal_tim.o
                0x0000000008003e90                TIM_Base_SetConfig
 .text.TIM_OC1_SetConfig
                0x0000000008003f54       0xcc Drivers/STM32F1xx_HAL_Driver/Src/stm32f1xx_hal_tim.o
 .text.TIM_OC2_SetConfig
                0x0000000008004020       0xd4 Drivers/STM32F1xx_HAL_Driver/Src/stm32f1xx_hal_tim.o
                0x0000000008004020                TIM_OC2_SetConfig
 .text.TIM_OC3_SetConfig
                0x00000000080040f4       0xd4 Drivers/STM32F1xx_HAL_Driver/Src/stm32f1xx_hal_tim.o
 .text.TIM_OC4_SetConfig
                0x00000000080041c8       0x9c Drivers/STM32F1xx_HAL_Driver/Src/stm32f1xx_hal_tim.o
 .text.TIM_CCxChannelCmd
                0x0000000008004264       0x48 Drivers/STM32F1xx_HAL_Driver/Src/stm32f1xx_hal_tim.o
                0x0000000008004264                TIM_CCxChannelCmd
 .text.HAL_TIMEx_MasterConfigSynchronization
                0x00000000080042ac       0xbc Drivers/STM32F1xx_HAL_Driver/Src/stm32f1xx_hal_tim_ex.o
                0x00000000080042ac                HAL_TIMEx_MasterConfigSynchronization
 .text.HAL_TIMEx_ConfigBreakDeadTime
                0x0000000008004368       0xa2 Drivers/STM32F1xx_HAL_Driver/Src/stm32f1xx_hal_tim_ex.o
                0x0000000008004368                HAL_TIMEx_ConfigBreakDeadTime
 .text.HAL_TIMEx_CommutCallback
                0x000000000800440a       0x12 Drivers/STM32F1xx_HAL_Driver/Src/stm32f1xx_hal_tim_ex.o
                0x000000000800440a                HAL_TIMEx_CommutCallback
 .text.HAL_TIMEx_BreakCallback
                0x000000000800441c       0x12 Drivers/STM32F1xx_HAL_Driver/Src/stm32f1xx_hal_tim_ex.o
                0x000000000800441c                HAL_TIMEx_BreakCallback
 .text.HAL_UART_Init
                0x000000000800442e       0x9a Drivers/STM32F1xx_HAL_Driver/Src/stm32f1xx_hal_uart.o
                0x000000000800442e                HAL_UART_Init
 .text.HAL_UART_Transmit
                0x00000000080044c8      0x124 Drivers/STM32F1xx_HAL_Driver/Src/stm32f1xx_hal_uart.o
                0x00000000080044c8                HAL_UART_Transmit
 .text.UART_WaitOnFlagUntilTimeout
                0x00000000080045ec       0x94 Drivers/STM32F1xx_HAL_Driver/Src/stm32f1xx_hal_uart.o
 .text.UART_SetConfig
                0x0000000008004680      0x11c Drivers/STM32F1xx_HAL_Driver/Src/stm32f1xx_hal_uart.o
 .text.vListInitialise
                0x000000000800479c       0x3e Middlewares/Third_Party/FreeRTOS/Source/list.o
                0x000000000800479c                vListInitialise
 .text.vListInitialiseItem
                0x00000000080047da       0x18 Middlewares/Third_Party/FreeRTOS/Source/list.o
                0x00000000080047da                vListInitialiseItem
 .text.vListInsertEnd
                0x00000000080047f2       0x46 Middlewares/Third_Party/FreeRTOS/Source/list.o
                0x00000000080047f2                vListInsertEnd
 .text.vListInsert
                0x0000000008004838       0x70 Middlewares/Third_Party/FreeRTOS/Source/list.o
                0x0000000008004838                vListInsert
 .text.uxListRemove
                0x00000000080048a8       0x52 Middlewares/Third_Party/FreeRTOS/Source/list.o
                0x00000000080048a8                uxListRemove
 *fill*         0x00000000080048fa        0x2 
 .text.xQueueGenericReset
                0x00000000080048fc       0xd0 Middlewares/Third_Party/FreeRTOS/Source/queue.o
                0x00000000080048fc                xQueueGenericReset
 .text.xQueueGenericCreate
                0x00000000080049cc       0x7a Middlewares/Third_Party/FreeRTOS/Source/queue.o
                0x00000000080049cc                xQueueGenericCreate
 .text.prvInitialiseNewQueue
                0x0000000008004a46       0x4a Middlewares/Third_Party/FreeRTOS/Source/queue.o
 .text.xQueueGenericSend
                0x0000000008004a90      0x244 Middlewares/Third_Party/FreeRTOS/Source/queue.o
                0x0000000008004a90                xQueueGenericSend
 .text.xQueueReceive
                0x0000000008004cd4      0x228 Middlewares/Third_Party/FreeRTOS/Source/queue.o
                0x0000000008004cd4                xQueueReceive
 .text.prvCopyDataToQueue
                0x0000000008004efc       0xd4 Middlewares/Third_Party/FreeRTOS/Source/queue.o
 .text.prvCopyDataFromQueue
                0x0000000008004fd0       0x4c Middlewares/Third_Party/FreeRTOS/Source/queue.o
 .text.prvUnlockQueue
                0x000000000800501c       0xa4 Middlewares/Third_Party/FreeRTOS/Source/queue.o
 .text.prvIsQueueEmpty
                0x00000000080050c0       0x2c Middlewares/Third_Party/FreeRTOS/Source/queue.o
 .text.prvIsQueueFull
                0x00000000080050ec       0x30 Middlewares/Third_Party/FreeRTOS/Source/queue.o
 .text.xTaskCreateStatic
                0x000000000800511c       0xb2 Middlewares/Third_Party/FreeRTOS/Source/tasks.o
                0x000000000800511c                xTaskCreateStatic
 .text.xTaskCreate
                0x00000000080051ce       0x8a Middlewares/Third_Party/FreeRTOS/Source/tasks.o
                0x00000000080051ce                xTaskCreate
 .text.prvInitialiseNewTask
                0x0000000008005258       0xfc Middlewares/Third_Party/FreeRTOS/Source/tasks.o
 .text.prvAddNewTaskToReadyList
                0x0000000008005354      0x110 Middlewares/Third_Party/FreeRTOS/Source/tasks.o
 .text.vTaskDelay
                0x0000000008005464       0x70 Middlewares/Third_Party/FreeRTOS/Source/tasks.o
                0x0000000008005464                vTaskDelay
 .text.vTaskStartScheduler
                0x00000000080054d4       0xbc Middlewares/Third_Party/FreeRTOS/Source/tasks.o
                0x00000000080054d4                vTaskStartScheduler
 .text.vTaskSuspendAll
                0x0000000008005590       0x1c Middlewares/Third_Party/FreeRTOS/Source/tasks.o
                0x0000000008005590                vTaskSuspendAll
 .text.xTaskResumeAll
                0x00000000080055ac      0x140 Middlewares/Third_Party/FreeRTOS/Source/tasks.o
                0x00000000080055ac                xTaskResumeAll
 .text.xTaskGetTickCountFromISR
                0x00000000080056ec       0x24 Middlewares/Third_Party/FreeRTOS/Source/tasks.o
                0x00000000080056ec                xTaskGetTickCountFromISR
 .text.xTaskIncrementTick
                0x0000000008005710      0x180 Middlewares/Third_Party/FreeRTOS/Source/tasks.o
                0x0000000008005710                xTaskIncrementTick
 .text.vTaskSwitchContext
                0x0000000008005890       0xd0 Middlewares/Third_Party/FreeRTOS/Source/tasks.o
                0x0000000008005890                vTaskSwitchContext
 .text.vTaskPlaceOnEventList
                0x0000000008005960       0x48 Middlewares/Third_Party/FreeRTOS/Source/tasks.o
                0x0000000008005960                vTaskPlaceOnEventList
 .text.xTaskRemoveFromEventList
                0x00000000080059a8       0xcc Middlewares/Third_Party/FreeRTOS/Source/tasks.o
                0x00000000080059a8                xTaskRemoveFromEventList
 .text.vTaskInternalSetTimeOutState
                0x0000000008005a74       0x2c Middlewares/Third_Party/FreeRTOS/Source/tasks.o
                0x0000000008005a74                vTaskInternalSetTimeOutState
 .text.xTaskCheckForTimeOut
                0x0000000008005aa0       0xc0 Middlewares/Third_Party/FreeRTOS/Source/tasks.o
                0x0000000008005aa0                xTaskCheckForTimeOut
 .text.vTaskMissedYield
                0x0000000008005b60       0x18 Middlewares/Third_Party/FreeRTOS/Source/tasks.o
                0x0000000008005b60                vTaskMissedYield
 .text.prvIdleTask
                0x0000000008005b78       0x30 Middlewares/Third_Party/FreeRTOS/Source/tasks.o
 .text.prvInitialiseTaskLists
                0x0000000008005ba8       0x80 Middlewares/Third_Party/FreeRTOS/Source/tasks.o
 .text.prvCheckTasksWaitingTermination
                0x0000000008005c28       0x58 Middlewares/Third_Party/FreeRTOS/Source/tasks.o
 .text.prvDeleteTCB
                0x0000000008005c80       0x5c Middlewares/Third_Party/FreeRTOS/Source/tasks.o
 .text.prvResetNextTaskUnblockTime
                0x0000000008005cdc       0x48 Middlewares/Third_Party/FreeRTOS/Source/tasks.o
 .text.xTaskGetSchedulerState
                0x0000000008005d24       0x3c Middlewares/Third_Party/FreeRTOS/Source/tasks.o
                0x0000000008005d24                xTaskGetSchedulerState
 .text.xTaskPriorityDisinherit
                0x0000000008005d60      0x110 Middlewares/Third_Party/FreeRTOS/Source/tasks.o
                0x0000000008005d60                xTaskPriorityDisinherit
 .text.prvAddCurrentTaskToDelayedList
                0x0000000008005e70       0xf0 Middlewares/Third_Party/FreeRTOS/Source/tasks.o
 .text.pxPortInitialiseStack
                0x0000000008005f60       0x58 Middlewares/Third_Party/FreeRTOS/Source/portable/GCC/ARM_CM3/port.o
                0x0000000008005f60                pxPortInitialiseStack
 .text.prvTaskExitError
                0x0000000008005fb8       0x50 Middlewares/Third_Party/FreeRTOS/Source/portable/GCC/ARM_CM3/port.o
 *fill*         0x0000000008006008        0x8 
 .text.SVC_Handler
                0x0000000008006010       0x28 Middlewares/Third_Party/FreeRTOS/Source/portable/GCC/ARM_CM3/port.o
                0x0000000008006010                SVC_Handler
 .text.prvPortStartFirstTask
                0x0000000008006038       0x20 Middlewares/Third_Party/FreeRTOS/Source/portable/GCC/ARM_CM3/port.o
 .text.xPortStartScheduler
                0x0000000008006058       0xe0 Middlewares/Third_Party/FreeRTOS/Source/portable/GCC/ARM_CM3/port.o
                0x0000000008006058                xPortStartScheduler
 .text.vInitPrioGroupValue
                0x0000000008006138       0xac Middlewares/Third_Party/FreeRTOS/Source/portable/GCC/ARM_CM3/port.o
                0x0000000008006138                vInitPrioGroupValue
 .text.vPortEnterCritical
                0x00000000080061e4       0x5c Middlewares/Third_Party/FreeRTOS/Source/portable/GCC/ARM_CM3/port.o
                0x00000000080061e4                vPortEnterCritical
 .text.vPortExitCritical
                0x0000000008006240       0x4c Middlewares/Third_Party/FreeRTOS/Source/portable/GCC/ARM_CM3/port.o
                0x0000000008006240                vPortExitCritical
 *fill*         0x000000000800628c        0x4 
 .text.PendSV_Handler
                0x0000000008006290       0x48 Middlewares/Third_Party/FreeRTOS/Source/portable/GCC/ARM_CM3/port.o
                0x0000000008006290                PendSV_Handler
 .text.SysTick_Handler
                0x00000000080062d8       0x50 Middlewares/Third_Party/FreeRTOS/Source/portable/GCC/ARM_CM3/port.o
                0x00000000080062d8                SysTick_Handler
 .text.vPortSetupTimerInterrupt
                0x0000000008006328       0x44 Middlewares/Third_Party/FreeRTOS/Source/portable/GCC/ARM_CM3/port.o
                0x0000000008006328                vPortSetupTimerInterrupt
 .text.vPortValidateInterruptPriority
                0x000000000800636c       0x78 Middlewares/Third_Party/FreeRTOS/Source/portable/GCC/ARM_CM3/port.o
                0x000000000800636c                vPortValidateInterruptPriority
 .text.pvPortMalloc
                0x00000000080063e4      0x184 Middlewares/Third_Party/FreeRTOS/Source/portable/MemMang/heap_4.o
                0x00000000080063e4                pvPortMalloc
 .text.vPortFree
                0x0000000008006568       0xb0 Middlewares/Third_Party/FreeRTOS/Source/portable/MemMang/heap_4.o
                0x0000000008006568                vPortFree
 .text.prvHeapInit
                0x0000000008006618       0xc4 Middlewares/Third_Party/FreeRTOS/Source/portable/MemMang/heap_4.o
 .text.prvInsertBlockIntoFreeList
                0x00000000080066dc       0xb0 Middlewares/Third_Party/FreeRTOS/Source/portable/MemMang/heap_4.o
 .text._cbSendSystemDesc
                0x000000000800678c       0x1c Middlewares/Third_Party/SEGGER/Config/SEGGER_SYSVIEW_Config_FreeRTOS.o
 .text.SEGGER_SYSVIEW_Conf
                0x00000000080067a8       0x2c Middlewares/Third_Party/SEGGER/Config/SEGGER_SYSVIEW_Config_FreeRTOS.o
                0x00000000080067a8                SEGGER_SYSVIEW_Conf
 .text._cbSendTaskList
                0x00000000080067d4       0x90 Middlewares/Third_Party/SEGGER/OS/SEGGER_SYSVIEW_FreeRTOS.o
 .text._cbGetTime
                0x0000000008006864       0x76 Middlewares/Third_Party/SEGGER/OS/SEGGER_SYSVIEW_FreeRTOS.o
 *fill*         0x00000000080068da        0x2 
 .text.SYSVIEW_AddTask
                0x00000000080068dc       0xd0 Middlewares/Third_Party/SEGGER/OS/SEGGER_SYSVIEW_FreeRTOS.o
                0x00000000080068dc                SYSVIEW_AddTask
 .text.SYSVIEW_SendTaskInfo
                0x00000000080069ac       0x42 Middlewares/Third_Party/SEGGER/OS/SEGGER_SYSVIEW_FreeRTOS.o
                0x00000000080069ac                SYSVIEW_SendTaskInfo
 *fill*         0x00000000080069ee        0x2 
 .text._DoInit  0x00000000080069f0       0xa4 Middlewares/Third_Party/SEGGER/SEGGER/SEGGER_RTT.o
 .text.SEGGER_RTT_ReadNoLock
                0x0000000008006a94      0x10c Middlewares/Third_Party/SEGGER/SEGGER/SEGGER_RTT.o
                0x0000000008006a94                SEGGER_RTT_ReadNoLock
 .text.SEGGER_RTT_AllocUpBuffer
                0x0000000008006ba0      0x104 Middlewares/Third_Party/SEGGER/SEGGER/SEGGER_RTT.o
                0x0000000008006ba0                SEGGER_RTT_AllocUpBuffer
 .text.SEGGER_RTT_ConfigDownBuffer
                0x0000000008006ca4       0xdc Middlewares/Third_Party/SEGGER/SEGGER/SEGGER_RTT.o
                0x0000000008006ca4                SEGGER_RTT_ConfigDownBuffer
 .text._EncodeStr
                0x0000000008006d80       0x98 Middlewares/Third_Party/SEGGER/SEGGER/SEGGER_SYSVIEW.o
 .text._PreparePacket
                0x0000000008006e18       0x16 Middlewares/Third_Party/SEGGER/SEGGER/SEGGER_SYSVIEW.o
 *fill*         0x0000000008006e2e        0x2 
 .text._HandleIncomingPacket
                0x0000000008006e30       0xd8 Middlewares/Third_Party/SEGGER/SEGGER/SEGGER_SYSVIEW.o
 .text._TrySendOverflowPacket
                0x0000000008006f08       0xe4 Middlewares/Third_Party/SEGGER/SEGGER/SEGGER_SYSVIEW.o
 .text._SendPacket
                0x0000000008006fec      0x1cc Middlewares/Third_Party/SEGGER/SEGGER/SEGGER_SYSVIEW.o
 .text.SEGGER_SYSVIEW_Init
                0x00000000080071b8       0x88 Middlewares/Third_Party/SEGGER/SEGGER/SEGGER_SYSVIEW.o
                0x00000000080071b8                SEGGER_SYSVIEW_Init
 .text.SEGGER_SYSVIEW_SetRAMBase
                0x0000000008007240       0x1c Middlewares/Third_Party/SEGGER/SEGGER/SEGGER_SYSVIEW.o
                0x0000000008007240                SEGGER_SYSVIEW_SetRAMBase
 .text.SEGGER_SYSVIEW_RecordVoid
                0x000000000800725c       0x3c Middlewares/Third_Party/SEGGER/SEGGER/SEGGER_SYSVIEW.o
                0x000000000800725c                SEGGER_SYSVIEW_RecordVoid
 .text.SEGGER_SYSVIEW_RecordU32
                0x0000000008007298       0x78 Middlewares/Third_Party/SEGGER/SEGGER/SEGGER_SYSVIEW.o
                0x0000000008007298                SEGGER_SYSVIEW_RecordU32
 .text.SEGGER_SYSVIEW_RecordU32x2
                0x0000000008007310       0xb4 Middlewares/Third_Party/SEGGER/SEGGER/SEGGER_SYSVIEW.o
                0x0000000008007310                SEGGER_SYSVIEW_RecordU32x2
 .text.SEGGER_SYSVIEW_RecordU32x3
                0x00000000080073c4       0xec Middlewares/Third_Party/SEGGER/SEGGER/SEGGER_SYSVIEW.o
                0x00000000080073c4                SEGGER_SYSVIEW_RecordU32x3
 .text.SEGGER_SYSVIEW_RecordU32x4
                0x00000000080074b0      0x124 Middlewares/Third_Party/SEGGER/SEGGER/SEGGER_SYSVIEW.o
                0x00000000080074b0                SEGGER_SYSVIEW_RecordU32x4
 .text.SEGGER_SYSVIEW_Start
                0x00000000080075d4      0x174 Middlewares/Third_Party/SEGGER/SEGGER/SEGGER_SYSVIEW.o
                0x00000000080075d4                SEGGER_SYSVIEW_Start
 .text.SEGGER_SYSVIEW_Stop
                0x0000000008007748       0x4c Middlewares/Third_Party/SEGGER/SEGGER/SEGGER_SYSVIEW.o
                0x0000000008007748                SEGGER_SYSVIEW_Stop
 .text.SEGGER_SYSVIEW_GetSysDesc
                0x0000000008007794      0x134 Middlewares/Third_Party/SEGGER/SEGGER/SEGGER_SYSVIEW.o
                0x0000000008007794                SEGGER_SYSVIEW_GetSysDesc
 .text.SEGGER_SYSVIEW_SendTaskInfo
                0x00000000080078c8      0x1c8 Middlewares/Third_Party/SEGGER/SEGGER/SEGGER_SYSVIEW.o
                0x00000000080078c8                SEGGER_SYSVIEW_SendTaskInfo
 .text.SEGGER_SYSVIEW_SendTaskList
                0x0000000008007a90       0x28 Middlewares/Third_Party/SEGGER/SEGGER/SEGGER_SYSVIEW.o
                0x0000000008007a90                SEGGER_SYSVIEW_SendTaskList
 .text.SEGGER_SYSVIEW_SendSysDesc
                0x0000000008007ab8       0x48 Middlewares/Third_Party/SEGGER/SEGGER/SEGGER_SYSVIEW.o
                0x0000000008007ab8                SEGGER_SYSVIEW_SendSysDesc
 .text.SEGGER_SYSVIEW_RecordSystime
                0x0000000008007b00       0x60 Middlewares/Third_Party/SEGGER/SEGGER/SEGGER_SYSVIEW.o
                0x0000000008007b00                SEGGER_SYSVIEW_RecordSystime
 .text.SEGGER_SYSVIEW_RecordEnterISR
                0x0000000008007b60       0x84 Middlewares/Third_Party/SEGGER/SEGGER/SEGGER_SYSVIEW.o
                0x0000000008007b60                SEGGER_SYSVIEW_RecordEnterISR
 .text.SEGGER_SYSVIEW_RecordExitISR
                0x0000000008007be4       0x38 Middlewares/Third_Party/SEGGER/SEGGER/SEGGER_SYSVIEW.o
                0x0000000008007be4                SEGGER_SYSVIEW_RecordExitISR
 .text.SEGGER_SYSVIEW_RecordExitISRToScheduler
                0x0000000008007c1c       0x38 Middlewares/Third_Party/SEGGER/SEGGER/SEGGER_SYSVIEW.o
                0x0000000008007c1c                SEGGER_SYSVIEW_RecordExitISRToScheduler
 .text.SEGGER_SYSVIEW_OnIdle
                0x0000000008007c54       0x38 Middlewares/Third_Party/SEGGER/SEGGER/SEGGER_SYSVIEW.o
                0x0000000008007c54                SEGGER_SYSVIEW_OnIdle
 .text.SEGGER_SYSVIEW_OnTaskCreate
                0x0000000008007c8c       0x84 Middlewares/Third_Party/SEGGER/SEGGER/SEGGER_SYSVIEW.o
                0x0000000008007c8c                SEGGER_SYSVIEW_OnTaskCreate
 .text.SEGGER_SYSVIEW_OnTaskStartExec
                0x0000000008007d10       0x84 Middlewares/Third_Party/SEGGER/SEGGER/SEGGER_SYSVIEW.o
                0x0000000008007d10                SEGGER_SYSVIEW_OnTaskStartExec
 .text.SEGGER_SYSVIEW_OnTaskStartReady
                0x0000000008007d94       0x84 Middlewares/Third_Party/SEGGER/SEGGER/SEGGER_SYSVIEW.o
                0x0000000008007d94                SEGGER_SYSVIEW_OnTaskStartReady
 .text.SEGGER_SYSVIEW_OnTaskStopReady
                0x0000000008007e18       0xc0 Middlewares/Third_Party/SEGGER/SEGGER/SEGGER_SYSVIEW.o
                0x0000000008007e18                SEGGER_SYSVIEW_OnTaskStopReady
 .text.SEGGER_SYSVIEW_ShrinkId
                0x0000000008007ed8       0x20 Middlewares/Third_Party/SEGGER/SEGGER/SEGGER_SYSVIEW.o
                0x0000000008007ed8                SEGGER_SYSVIEW_ShrinkId
 .text.SEGGER_SYSVIEW_SendModule
                0x0000000008007ef8      0x100 Middlewares/Third_Party/SEGGER/SEGGER/SEGGER_SYSVIEW.o
                0x0000000008007ef8                SEGGER_SYSVIEW_SendModule
 .text.SEGGER_SYSVIEW_SendModuleDescription
                0x0000000008007ff8       0x3c Middlewares/Third_Party/SEGGER/SEGGER/SEGGER_SYSVIEW.o
                0x0000000008007ff8                SEGGER_SYSVIEW_SendModuleDescription
 .text.SEGGER_SYSVIEW_SendNumModules
                0x0000000008008034       0x7c Middlewares/Third_Party/SEGGER/SEGGER/SEGGER_SYSVIEW.o
                0x0000000008008034                SEGGER_SYSVIEW_SendNumModules
 .text.SEGGER_SYSVIEW_Warn
                0x00000000080080b0       0xb8 Middlewares/Third_Party/SEGGER/SEGGER/SEGGER_SYSVIEW.o
                0x00000000080080b0                SEGGER_SYSVIEW_Warn
 .text.__errno  0x0000000008008168        0xc c:/st/stm32cubeide_1.5.0/stm32cubeide/plugins/com.st.stm32cube.ide.mcu.externaltools.gnu-tools-for-stm32.7-2018-q2-update.win32_1.5.0.202011040924/tools/bin/../lib/gcc/arm-none-eabi/7.3.1/../../../../arm-none-eabi/lib/thumb/v7-m\libc_nano.a(lib_a-errno.o)
                0x0000000008008168                __errno
 .text.__libc_init_array
                0x0000000008008174       0x48 c:/st/stm32cubeide_1.5.0/stm32cubeide/plugins/com.st.stm32cube.ide.mcu.externaltools.gnu-tools-for-stm32.7-2018-q2-update.win32_1.5.0.202011040924/tools/bin/../lib/gcc/arm-none-eabi/7.3.1/../../../../arm-none-eabi/lib/thumb/v7-m\libc_nano.a(lib_a-init.o)
                0x0000000008008174                __libc_init_array
 .text.memcmp   0x00000000080081bc       0x1e c:/st/stm32cubeide_1.5.0/stm32cubeide/plugins/com.st.stm32cube.ide.mcu.externaltools.gnu-tools-for-stm32.7-2018-q2-update.win32_1.5.0.202011040924/tools/bin/../lib/gcc/arm-none-eabi/7.3.1/../../../../arm-none-eabi/lib/thumb/v7-m\libc_nano.a(lib_a-memcmp.o)
                0x00000000080081bc                memcmp
 .text.memcpy   0x00000000080081da       0x16 c:/st/stm32cubeide_1.5.0/stm32cubeide/plugins/com.st.stm32cube.ide.mcu.externaltools.gnu-tools-for-stm32.7-2018-q2-update.win32_1.5.0.202011040924/tools/bin/../lib/gcc/arm-none-eabi/7.3.1/../../../../arm-none-eabi/lib/thumb/v7-m\libc_nano.a(lib_a-memcpy-stub.o)
                0x00000000080081da                memcpy
 .text.memset   0x00000000080081f0       0x10 c:/st/stm32cubeide_1.5.0/stm32cubeide/plugins/com.st.stm32cube.ide.mcu.externaltools.gnu-tools-for-stm32.7-2018-q2-update.win32_1.5.0.202011040924/tools/bin/../lib/gcc/arm-none-eabi/7.3.1/../../../../arm-none-eabi/lib/thumb/v7-m\libc_nano.a(lib_a-memset.o)
                0x00000000080081f0                memset
 .text.sprintf  0x0000000008008200       0x40 c:/st/stm32cubeide_1.5.0/stm32cubeide/plugins/com.st.stm32cube.ide.mcu.externaltools.gnu-tools-for-stm32.7-2018-q2-update.win32_1.5.0.202011040924/tools/bin/../lib/gcc/arm-none-eabi/7.3.1/../../../../arm-none-eabi/lib/thumb/v7-m\libc_nano.a(lib_a-sprintf.o)
                0x0000000008008200                siprintf
                0x0000000008008200                sprintf
 .text.__ssputs_r
                0x0000000008008240       0xb4 c:/st/stm32cubeide_1.5.0/stm32cubeide/plugins/com.st.stm32cube.ide.mcu.externaltools.gnu-tools-for-stm32.7-2018-q2-update.win32_1.5.0.202011040924/tools/bin/../lib/gcc/arm-none-eabi/7.3.1/../../../../arm-none-eabi/lib/thumb/v7-m\libc_nano.a(lib_a-nano-svfprintf.o)
                0x0000000008008240                __ssputs_r
 .text._svfprintf_r
                0x00000000080082f4      0x1f0 c:/st/stm32cubeide_1.5.0/stm32cubeide/plugins/com.st.stm32cube.ide.mcu.externaltools.gnu-tools-for-stm32.7-2018-q2-update.win32_1.5.0.202011040924/tools/bin/../lib/gcc/arm-none-eabi/7.3.1/../../../../arm-none-eabi/lib/thumb/v7-m\libc_nano.a(lib_a-nano-svfprintf.o)
                0x00000000080082f4                _svfiprintf_r
                0x00000000080082f4                _svfprintf_r
 .text._printf_common
                0x00000000080084e4       0xec c:/st/stm32cubeide_1.5.0/stm32cubeide/plugins/com.st.stm32cube.ide.mcu.externaltools.gnu-tools-for-stm32.7-2018-q2-update.win32_1.5.0.202011040924/tools/bin/../lib/gcc/arm-none-eabi/7.3.1/../../../../arm-none-eabi/lib/thumb/v7-m\libc_nano.a(lib_a-nano-vfprintf_i.o)
                0x00000000080084e4                _printf_common
 .text._printf_i
                0x00000000080085d0      0x224 c:/st/stm32cubeide_1.5.0/stm32cubeide/plugins/com.st.stm32cube.ide.mcu.externaltools.gnu-tools-for-stm32.7-2018-q2-update.win32_1.5.0.202011040924/tools/bin/../lib/gcc/arm-none-eabi/7.3.1/../../../../arm-none-eabi/lib/thumb/v7-m\libc_nano.a(lib_a-nano-vfprintf_i.o)
                0x00000000080085d0                _printf_i
 .text.memchr   0x00000000080087f4       0x1c c:/st/stm32cubeide_1.5.0/stm32cubeide/plugins/com.st.stm32cube.ide.mcu.externaltools.gnu-tools-for-stm32.7-2018-q2-update.win32_1.5.0.202011040924/tools/bin/../lib/gcc/arm-none-eabi/7.3.1/../../../../arm-none-eabi/lib/thumb/v7-m\libc_nano.a(lib_a-memchr-stub.o)
                0x00000000080087f4                memchr
 .text.memmove  0x0000000008008810       0x32 c:/st/stm32cubeide_1.5.0/stm32cubeide/plugins/com.st.stm32cube.ide.mcu.externaltools.gnu-tools-for-stm32.7-2018-q2-update.win32_1.5.0.202011040924/tools/bin/../lib/gcc/arm-none-eabi/7.3.1/../../../../arm-none-eabi/lib/thumb/v7-m\libc_nano.a(lib_a-memmove.o)
                0x0000000008008810                memmove
 *fill*         0x0000000008008842        0x2 
 .text._free_r  0x0000000008008844       0x98 c:/st/stm32cubeide_1.5.0/stm32cubeide/plugins/com.st.stm32cube.ide.mcu.externaltools.gnu-tools-for-stm32.7-2018-q2-update.win32_1.5.0.202011040924/tools/bin/../lib/gcc/arm-none-eabi/7.3.1/../../../../arm-none-eabi/lib/thumb/v7-m\libc_nano.a(lib_a-nano-freer.o)
                0x0000000008008844                _free_r
 .text._malloc_r
                0x00000000080088dc       0xb4 c:/st/stm32cubeide_1.5.0/stm32cubeide/plugins/com.st.stm32cube.ide.mcu.externaltools.gnu-tools-for-stm32.7-2018-q2-update.win32_1.5.0.202011040924/tools/bin/../lib/gcc/arm-none-eabi/7.3.1/../../../../arm-none-eabi/lib/thumb/v7-m\libc_nano.a(lib_a-nano-mallocr.o)
                0x00000000080088dc                _malloc_r
 .text._realloc_r
                0x0000000008008990       0x4c c:/st/stm32cubeide_1.5.0/stm32cubeide/plugins/com.st.stm32cube.ide.mcu.externaltools.gnu-tools-for-stm32.7-2018-q2-update.win32_1.5.0.202011040924/tools/bin/../lib/gcc/arm-none-eabi/7.3.1/../../../../arm-none-eabi/lib/thumb/v7-m\libc_nano.a(lib_a-nano-reallocr.o)
                0x0000000008008990                _realloc_r
 .text._sbrk_r  0x00000000080089dc       0x20 c:/st/stm32cubeide_1.5.0/stm32cubeide/plugins/com.st.stm32cube.ide.mcu.externaltools.gnu-tools-for-stm32.7-2018-q2-update.win32_1.5.0.202011040924/tools/bin/../lib/gcc/arm-none-eabi/7.3.1/../../../../arm-none-eabi/lib/thumb/v7-m\libc_nano.a(lib_a-sbrkr.o)
                0x00000000080089dc                _sbrk_r
 .text.__malloc_lock
                0x00000000080089fc        0x2 c:/st/stm32cubeide_1.5.0/stm32cubeide/plugins/com.st.stm32cube.ide.mcu.externaltools.gnu-tools-for-stm32.7-2018-q2-update.win32_1.5.0.202011040924/tools/bin/../lib/gcc/arm-none-eabi/7.3.1/../../../../arm-none-eabi/lib/thumb/v7-m\libc_nano.a(lib_a-mlock.o)
                0x00000000080089fc                __malloc_lock
 .text.__malloc_unlock
                0x00000000080089fe        0x2 c:/st/stm32cubeide_1.5.0/stm32cubeide/plugins/com.st.stm32cube.ide.mcu.externaltools.gnu-tools-for-stm32.7-2018-q2-update.win32_1.5.0.202011040924/tools/bin/../lib/gcc/arm-none-eabi/7.3.1/../../../../arm-none-eabi/lib/thumb/v7-m\libc_nano.a(lib_a-mlock.o)
                0x00000000080089fe                __malloc_unlock
 .text._malloc_usable_size_r
                0x0000000008008a00       0x10 c:/st/stm32cubeide_1.5.0/stm32cubeide/plugins/com.st.stm32cube.ide.mcu.externaltools.gnu-tools-for-stm32.7-2018-q2-update.win32_1.5.0.202011040924/tools/bin/../lib/gcc/arm-none-eabi/7.3.1/../../../../arm-none-eabi/lib/thumb/v7-m\libc_nano.a(lib_a-nano-msizer.o)
                0x0000000008008a00                _malloc_usable_size_r
 *(.glue_7)
 .glue_7        0x0000000008008a10        0x0 linker stubs
 *(.glue_7t)
 .glue_7t       0x0000000008008a10        0x0 linker stubs
 *(.eh_frame)
 .eh_frame      0x0000000008008a10        0x0 c:/st/stm32cubeide_1.5.0/stm32cubeide/plugins/com.st.stm32cube.ide.mcu.externaltools.gnu-tools-for-stm32.7-2018-q2-update.win32_1.5.0.202011040924/tools/bin/../lib/gcc/arm-none-eabi/7.3.1/thumb/v7-m/crtbegin.o
 *(.init)
 .init          0x0000000008008a10        0x4 c:/st/stm32cubeide_1.5.0/stm32cubeide/plugins/com.st.stm32cube.ide.mcu.externaltools.gnu-tools-for-stm32.7-2018-q2-update.win32_1.5.0.202011040924/tools/bin/../lib/gcc/arm-none-eabi/7.3.1/thumb/v7-m/crti.o
                0x0000000008008a10                _init
 .init          0x0000000008008a14        0x8 c:/st/stm32cubeide_1.5.0/stm32cubeide/plugins/com.st.stm32cube.ide.mcu.externaltools.gnu-tools-for-stm32.7-2018-q2-update.win32_1.5.0.202011040924/tools/bin/../lib/gcc/arm-none-eabi/7.3.1/thumb/v7-m/crtn.o
 *(.fini)
 .fini          0x0000000008008a1c        0x4 c:/st/stm32cubeide_1.5.0/stm32cubeide/plugins/com.st.stm32cube.ide.mcu.externaltools.gnu-tools-for-stm32.7-2018-q2-update.win32_1.5.0.202011040924/tools/bin/../lib/gcc/arm-none-eabi/7.3.1/thumb/v7-m/crti.o
                0x0000000008008a1c                _fini
 .fini          0x0000000008008a20        0x8 c:/st/stm32cubeide_1.5.0/stm32cubeide/plugins/com.st.stm32cube.ide.mcu.externaltools.gnu-tools-for-stm32.7-2018-q2-update.win32_1.5.0.202011040924/tools/bin/../lib/gcc/arm-none-eabi/7.3.1/thumb/v7-m/crtn.o
                0x0000000008008a28                . = ALIGN (0x4)
                0x0000000008008a28                _etext = .

.vfp11_veneer   0x0000000008008a28        0x0
 .vfp11_veneer  0x0000000008008a28        0x0 linker stubs

.v4_bx          0x0000000008008a28        0x0
 .v4_bx         0x0000000008008a28        0x0 linker stubs

.iplt           0x0000000008008a28        0x0
 .iplt          0x0000000008008a28        0x0 c:/st/stm32cubeide_1.5.0/stm32cubeide/plugins/com.st.stm32cube.ide.mcu.externaltools.gnu-tools-for-stm32.7-2018-q2-update.win32_1.5.0.202011040924/tools/bin/../lib/gcc/arm-none-eabi/7.3.1/thumb/v7-m/crtbegin.o

.rodata         0x0000000008008a28      0x1cc
                0x0000000008008a28                . = ALIGN (0x4)
 *(.rodata)
 .rodata        0x0000000008008a28       0x73 Core/Src/main.o
 *fill*         0x0000000008008a9b        0x1 
 .rodata        0x0000000008008a9c       0x12 Drivers/STM32F1xx_HAL_Driver/Src/stm32f1xx_hal_rcc.o
 *fill*         0x0000000008008aae        0x2 
 .rodata        0x0000000008008ab0       0x12 Drivers/STM32F1xx_HAL_Driver/Src/stm32f1xx_hal_rcc_ex.o
 *fill*         0x0000000008008ac2        0x2 
 .rodata        0x0000000008008ac4        0x5 Middlewares/Third_Party/FreeRTOS/Source/tasks.o
 *fill*         0x0000000008008ac9        0x3 
 .rodata        0x0000000008008acc       0x4d Middlewares/Third_Party/SEGGER/Config/SEGGER_SYSVIEW_Config_FreeRTOS.o
 *fill*         0x0000000008008b19        0x3 
 .rodata        0x0000000008008b1c       0x58 Middlewares/Third_Party/SEGGER/OS/SEGGER_SYSVIEW_FreeRTOS.o
 .rodata        0x0000000008008b74       0x17 Middlewares/Third_Party/SEGGER/SEGGER/SEGGER_RTT.o
 *fill*         0x0000000008008b8b        0x1 
 .rodata        0x0000000008008b8c        0x8 Middlewares/Third_Party/SEGGER/SEGGER/SEGGER_SYSVIEW.o
 *(.rodata*)
 .rodata.AHBPrescTable
                0x0000000008008b94       0x10 Core/Src/system_stm32f1xx.o
                0x0000000008008b94                AHBPrescTable
 .rodata.APBPrescTable
                0x0000000008008ba4        0x8 Core/Src/system_stm32f1xx.o
                0x0000000008008ba4                APBPrescTable
 .rodata.SYSVIEW_X_OS_TraceAPI
                0x0000000008008bac        0x8 Middlewares/Third_Party/SEGGER/OS/SEGGER_SYSVIEW_FreeRTOS.o
                0x0000000008008bac                SYSVIEW_X_OS_TraceAPI
 .rodata._abSync
                0x0000000008008bb4        0xa Middlewares/Third_Party/SEGGER/SEGGER/SEGGER_SYSVIEW.o
 .rodata._svfprintf_r.str1.1
                0x0000000008008bbe       0x11 c:/st/stm32cubeide_1.5.0/stm32cubeide/plugins/com.st.stm32cube.ide.mcu.externaltools.gnu-tools-for-stm32.7-2018-q2-update.win32_1.5.0.202011040924/tools/bin/../lib/gcc/arm-none-eabi/7.3.1/../../../../arm-none-eabi/lib/thumb/v7-m\libc_nano.a(lib_a-nano-svfprintf.o)
 .rodata._printf_i.str1.1
                0x0000000008008bcf       0x22 c:/st/stm32cubeide_1.5.0/stm32cubeide/plugins/com.st.stm32cube.ide.mcu.externaltools.gnu-tools-for-stm32.7-2018-q2-update.win32_1.5.0.202011040924/tools/bin/../lib/gcc/arm-none-eabi/7.3.1/../../../../arm-none-eabi/lib/thumb/v7-m\libc_nano.a(lib_a-nano-vfprintf_i.o)
                0x0000000008008bf4                . = ALIGN (0x4)
 *fill*         0x0000000008008bf1        0x3 

.rel.dyn        0x0000000008008bf4        0x0
 .rel.iplt      0x0000000008008bf4        0x0 c:/st/stm32cubeide_1.5.0/stm32cubeide/plugins/com.st.stm32cube.ide.mcu.externaltools.gnu-tools-for-stm32.7-2018-q2-update.win32_1.5.0.202011040924/tools/bin/../lib/gcc/arm-none-eabi/7.3.1/thumb/v7-m/crtbegin.o

.ARM.extab      0x0000000008008bf4        0x0
                0x0000000008008bf4                . = ALIGN (0x4)
 *(.ARM.extab* .gnu.linkonce.armextab.*)
                0x0000000008008bf4                . = ALIGN (0x4)

.ARM            0x0000000008008bf4        0x0
                0x0000000008008bf4                . = ALIGN (0x4)
                0x0000000008008bf4                __exidx_start = .
 *(.ARM.exidx*)
                0x0000000008008bf4                __exidx_end = .
                0x0000000008008bf4                . = ALIGN (0x4)

.preinit_array  0x0000000008008bf4        0x0
                0x0000000008008bf4                . = ALIGN (0x4)
                0x0000000008008bf4                PROVIDE (__preinit_array_start = .)
 *(.preinit_array*)
                0x0000000008008bf4                PROVIDE (__preinit_array_end = .)
                0x0000000008008bf4                . = ALIGN (0x4)

.init_array     0x0000000008008bf4        0x4
                0x0000000008008bf4                . = ALIGN (0x4)
                0x0000000008008bf4                PROVIDE (__init_array_start = .)
 *(SORT_BY_NAME(.init_array.*))
 *(.init_array*)
 .init_array    0x0000000008008bf4        0x4 c:/st/stm32cubeide_1.5.0/stm32cubeide/plugins/com.st.stm32cube.ide.mcu.externaltools.gnu-tools-for-stm32.7-2018-q2-update.win32_1.5.0.202011040924/tools/bin/../lib/gcc/arm-none-eabi/7.3.1/thumb/v7-m/crtbegin.o
                0x0000000008008bf8                PROVIDE (__init_array_end = .)
                0x0000000008008bf8                . = ALIGN (0x4)

.fini_array     0x0000000008008bf8        0x4
                0x0000000008008bf8                . = ALIGN (0x4)
                [!provide]                        PROVIDE (__fini_array_start = .)
 *(SORT_BY_NAME(.fini_array.*))
 *(.fini_array*)
 .fini_array    0x0000000008008bf8        0x4 c:/st/stm32cubeide_1.5.0/stm32cubeide/plugins/com.st.stm32cube.ide.mcu.externaltools.gnu-tools-for-stm32.7-2018-q2-update.win32_1.5.0.202011040924/tools/bin/../lib/gcc/arm-none-eabi/7.3.1/thumb/v7-m/crtbegin.o
                [!provide]                        PROVIDE (__fini_array_end = .)
                0x0000000008008bfc                . = ALIGN (0x4)
                0x0000000008008bfc                _sidata = LOADADDR (.data)

.data           0x0000000020000000       0x88 load address 0x0000000008008bfc
                0x0000000020000000                . = ALIGN (0x4)
                0x0000000020000000                _sdata = .
 *(.data)
 *(.data*)
 .data.FIR_IMPULSE_RESPONSE
                0x0000000020000000       0x14 Core/Src/FIRFilter.o
 .data.SystemCoreClock
                0x0000000020000014        0x4 Core/Src/system_stm32f1xx.o
                0x0000000020000014                SystemCoreClock
 .data.uwTickPrio
                0x0000000020000018        0x4 Drivers/STM32F1xx_HAL_Driver/Src/stm32f1xx_hal.o
                0x0000000020000018                uwTickPrio
 .data.uwTickFreq
                0x000000002000001c        0x1 Drivers/STM32F1xx_HAL_Driver/Src/stm32f1xx_hal.o
                0x000000002000001c                uwTickFreq
 *fill*         0x000000002000001d        0x3 
 .data.uxCriticalNesting
                0x0000000020000020        0x4 Middlewares/Third_Party/FreeRTOS/Source/portable/GCC/ARM_CM3/port.o
 .data._impure_ptr
                0x0000000020000024        0x4 c:/st/stm32cubeide_1.5.0/stm32cubeide/plugins/com.st.stm32cube.ide.mcu.externaltools.gnu-tools-for-stm32.7-2018-q2-update.win32_1.5.0.202011040924/tools/bin/../lib/gcc/arm-none-eabi/7.3.1/../../../../arm-none-eabi/lib/thumb/v7-m\libc_nano.a(lib_a-impure.o)
                0x0000000020000024                _impure_ptr
 .data.impure_data
                0x0000000020000028       0x60 c:/st/stm32cubeide_1.5.0/stm32cubeide/plugins/com.st.stm32cube.ide.mcu.externaltools.gnu-tools-for-stm32.7-2018-q2-update.win32_1.5.0.202011040924/tools/bin/../lib/gcc/arm-none-eabi/7.3.1/../../../../arm-none-eabi/lib/thumb/v7-m\libc_nano.a(lib_a-impure.o)
 *(.RamFunc)
 *(.RamFunc*)
                0x0000000020000088                . = ALIGN (0x4)
                0x0000000020000088                _edata = .

.igot.plt       0x0000000020000088        0x0 load address 0x0000000008008c84
 .igot.plt      0x0000000020000088        0x0 c:/st/stm32cubeide_1.5.0/stm32cubeide/plugins/com.st.stm32cube.ide.mcu.externaltools.gnu-tools-for-stm32.7-2018-q2-update.win32_1.5.0.202011040924/tools/bin/../lib/gcc/arm-none-eabi/7.3.1/thumb/v7-m/crtbegin.o
                0x0000000020000088                . = ALIGN (0x4)

.bss            0x0000000020000088     0x2b94 load address 0x0000000008008c84
                0x0000000020000088                _sbss = .
                0x0000000020000088                __bss_start__ = _sbss
 *(.bss)
 .bss           0x0000000020000088       0x1c c:/st/stm32cubeide_1.5.0/stm32cubeide/plugins/com.st.stm32cube.ide.mcu.externaltools.gnu-tools-for-stm32.7-2018-q2-update.win32_1.5.0.202011040924/tools/bin/../lib/gcc/arm-none-eabi/7.3.1/thumb/v7-m/crtbegin.o
 *(.bss*)
 .bss.xIdleTaskTCBBuffer
                0x00000000200000a4       0x54 Core/Src/freertos.o
 .bss.xIdleStack
                0x00000000200000f8      0x200 Core/Src/freertos.o
 .bss.filteredTemp
                0x00000000200002f8        0x4 Core/Src/main.o
                0x00000000200002f8                filteredTemp
 .bss.ref       0x00000000200002fc        0x4 Core/Src/main.o
                0x00000000200002fc                ref
 .bss.dutyCycle
                0x0000000020000300        0x4 Core/Src/main.o
                0x0000000020000300                dutyCycle
 .bss.uint.8816
                0x0000000020000304        0x4 Core/Src/main.o
 .bss.up.8815   0x0000000020000308        0x4 Core/Src/main.o
 .bss.__sbrk_heap_end
                0x000000002000030c        0x4 Core/Src/sysmem.o
 .bss.pxCurrentTCB
                0x0000000020000310        0x4 Middlewares/Third_Party/FreeRTOS/Source/tasks.o
                0x0000000020000310                pxCurrentTCB
 .bss.pxReadyTasksLists
                0x0000000020000314       0x8c Middlewares/Third_Party/FreeRTOS/Source/tasks.o
 .bss.xDelayedTaskList1
                0x00000000200003a0       0x14 Middlewares/Third_Party/FreeRTOS/Source/tasks.o
 .bss.xDelayedTaskList2
                0x00000000200003b4       0x14 Middlewares/Third_Party/FreeRTOS/Source/tasks.o
 .bss.pxDelayedTaskList
                0x00000000200003c8        0x4 Middlewares/Third_Party/FreeRTOS/Source/tasks.o
 .bss.pxOverflowDelayedTaskList
                0x00000000200003cc        0x4 Middlewares/Third_Party/FreeRTOS/Source/tasks.o
 .bss.xPendingReadyList
                0x00000000200003d0       0x14 Middlewares/Third_Party/FreeRTOS/Source/tasks.o
 .bss.xTasksWaitingTermination
                0x00000000200003e4       0x14 Middlewares/Third_Party/FreeRTOS/Source/tasks.o
 .bss.uxDeletedTasksWaitingCleanUp
                0x00000000200003f8        0x4 Middlewares/Third_Party/FreeRTOS/Source/tasks.o
 .bss.xSuspendedTaskList
                0x00000000200003fc       0x14 Middlewares/Third_Party/FreeRTOS/Source/tasks.o
 .bss.uxCurrentNumberOfTasks
                0x0000000020000410        0x4 Middlewares/Third_Party/FreeRTOS/Source/tasks.o
 .bss.xTickCount
                0x0000000020000414        0x4 Middlewares/Third_Party/FreeRTOS/Source/tasks.o
 .bss.uxTopReadyPriority
                0x0000000020000418        0x4 Middlewares/Third_Party/FreeRTOS/Source/tasks.o
 .bss.xSchedulerRunning
                0x000000002000041c        0x4 Middlewares/Third_Party/FreeRTOS/Source/tasks.o
 .bss.uxPendedTicks
                0x0000000020000420        0x4 Middlewares/Third_Party/FreeRTOS/Source/tasks.o
 .bss.xYieldPending
                0x0000000020000424        0x4 Middlewares/Third_Party/FreeRTOS/Source/tasks.o
 .bss.xNumOfOverflows
                0x0000000020000428        0x4 Middlewares/Third_Party/FreeRTOS/Source/tasks.o
 .bss.uxTaskNumber
                0x000000002000042c        0x4 Middlewares/Third_Party/FreeRTOS/Source/tasks.o
 .bss.xNextTaskUnblockTime
                0x0000000020000430        0x4 Middlewares/Third_Party/FreeRTOS/Source/tasks.o
 .bss.xIdleTaskHandle
                0x0000000020000434        0x4 Middlewares/Third_Party/FreeRTOS/Source/tasks.o
 .bss.uxSchedulerSuspended
                0x0000000020000438        0x4 Middlewares/Third_Party/FreeRTOS/Source/tasks.o
 .bss.ucMaxSysCallPriority
                0x000000002000043c        0x1 Middlewares/Third_Party/FreeRTOS/Source/portable/GCC/ARM_CM3/port.o
 *fill*         0x000000002000043d        0x3 
 .bss.ulMaxPRIGROUPValue
                0x0000000020000440        0x4 Middlewares/Third_Party/FreeRTOS/Source/portable/GCC/ARM_CM3/port.o
 .bss.ucHeap    0x0000000020000444      0xc00 Middlewares/Third_Party/FreeRTOS/Source/portable/MemMang/heap_4.o
 .bss.xStart    0x0000000020001044        0x8 Middlewares/Third_Party/FreeRTOS/Source/portable/MemMang/heap_4.o
 .bss.pxEnd     0x000000002000104c        0x4 Middlewares/Third_Party/FreeRTOS/Source/portable/MemMang/heap_4.o
 .bss.xFreeBytesRemaining
                0x0000000020001050        0x4 Middlewares/Third_Party/FreeRTOS/Source/portable/MemMang/heap_4.o
 .bss.xMinimumEverFreeBytesRemaining
                0x0000000020001054        0x4 Middlewares/Third_Party/FreeRTOS/Source/portable/MemMang/heap_4.o
 .bss.xBlockAllocatedBit
                0x0000000020001058        0x4 Middlewares/Third_Party/FreeRTOS/Source/portable/MemMang/heap_4.o
 .bss._aTasks   0x000000002000105c       0xa0 Middlewares/Third_Party/SEGGER/OS/SEGGER_SYSVIEW_FreeRTOS.o
 .bss._NumTasks
                0x00000000200010fc        0x4 Middlewares/Third_Party/SEGGER/OS/SEGGER_SYSVIEW_FreeRTOS.o
 .bss._acUpBuffer
                0x0000000020001100      0x400 Middlewares/Third_Party/SEGGER/SEGGER/SEGGER_RTT.o
 .bss._acDownBuffer
                0x0000000020001500       0x10 Middlewares/Third_Party/SEGGER/SEGGER/SEGGER_RTT.o
 .bss._UpBuffer
                0x0000000020001510     0x1400 Middlewares/Third_Party/SEGGER/SEGGER/SEGGER_SYSVIEW.o
 .bss._DownBuffer
                0x0000000020002910        0x8 Middlewares/Third_Party/SEGGER/SEGGER/SEGGER_SYSVIEW.o
 .bss._SYSVIEW_Globals
                0x0000000020002918       0x28 Middlewares/Third_Party/SEGGER/SEGGER/SEGGER_SYSVIEW.o
 .bss._pFirstModule
                0x0000000020002940        0x4 Middlewares/Third_Party/SEGGER/SEGGER/SEGGER_SYSVIEW.o
 .bss._NumModules
                0x0000000020002944        0x1 Middlewares/Third_Party/SEGGER/SEGGER/SEGGER_SYSVIEW.o
 *fill*         0x0000000020002945        0x3 
 .bss._aPacket  0x0000000020002948       0xe3 Middlewares/Third_Party/SEGGER/SEGGER/SEGGER_SYSVIEW.o
 *fill*         0x0000000020002a2b        0x1 
 .bss.__malloc_free_list
                0x0000000020002a2c        0x4 c:/st/stm32cubeide_1.5.0/stm32cubeide/plugins/com.st.stm32cube.ide.mcu.externaltools.gnu-tools-for-stm32.7-2018-q2-update.win32_1.5.0.202011040924/tools/bin/../lib/gcc/arm-none-eabi/7.3.1/../../../../arm-none-eabi/lib/thumb/v7-m\libc_nano.a(lib_a-nano-mallocr.o)
                0x0000000020002a2c                __malloc_free_list
 .bss.__malloc_sbrk_start
                0x0000000020002a30        0x4 c:/st/stm32cubeide_1.5.0/stm32cubeide/plugins/com.st.stm32cube.ide.mcu.externaltools.gnu-tools-for-stm32.7-2018-q2-update.win32_1.5.0.202011040924/tools/bin/../lib/gcc/arm-none-eabi/7.3.1/../../../../arm-none-eabi/lib/thumb/v7-m\libc_nano.a(lib_a-nano-mallocr.o)
                0x0000000020002a30                __malloc_sbrk_start
 *(COMMON)
 COMMON         0x0000000020002a34       0xf0 Core/Src/main.o
                0x0000000020002a34                tempQueue
                0x0000000020002a38                hadc1
                0x0000000020002a68                filteredTempQueue
                0x0000000020002a6c                huart1
                0x0000000020002ab0                Display_Task
                0x0000000020002ab4                tempFilter
                0x0000000020002ad0                htim1
                0x0000000020002b18                Control_Task
                0x0000000020002b1c                Temp_Task
                0x0000000020002b20                Filter_Task
 COMMON         0x0000000020002b24       0x48 Core/Src/stm32f1xx_hal_timebase_tim.o
                0x0000000020002b24                htim4
 COMMON         0x0000000020002b6c        0x4 Drivers/STM32F1xx_HAL_Driver/Src/stm32f1xx_hal.o
                0x0000000020002b6c                uwTick
 COMMON         0x0000000020002b70       0xa8 Middlewares/Third_Party/SEGGER/SEGGER/SEGGER_RTT.o
                0x0000000020002b70                _SEGGER_RTT
 COMMON         0x0000000020002c18        0x4 c:/st/stm32cubeide_1.5.0/stm32cubeide/plugins/com.st.stm32cube.ide.mcu.externaltools.gnu-tools-for-stm32.7-2018-q2-update.win32_1.5.0.202011040924/tools/bin/../lib/gcc/arm-none-eabi/7.3.1/../../../../arm-none-eabi/lib/thumb/v7-m\libc_nano.a(lib_a-reent.o)
                0x0000000020002c18                errno
                0x0000000020002c1c                . = ALIGN (0x4)
                0x0000000020002c1c                _ebss = .
                0x0000000020002c1c                __bss_end__ = _ebss

._user_heap_stack
                0x0000000020002c1c      0x604 load address 0x0000000008008c84
                0x0000000020002c20                . = ALIGN (0x8)
 *fill*         0x0000000020002c1c        0x4 
                [!provide]                        PROVIDE (end = .)
                0x0000000020002c20                PROVIDE (_end = .)
                0x0000000020002e20                . = (. + _Min_Heap_Size)
 *fill*         0x0000000020002c20      0x200 
                0x0000000020003220                . = (. + _Min_Stack_Size)
 *fill*         0x0000000020002e20      0x400 
                0x0000000020003220                . = ALIGN (0x8)

/DISCARD/
 libc.a(*)
 libm.a(*)
 libgcc.a(*)

.ARM.attributes
                0x0000000000000000       0x29
 *(.ARM.attributes)
 .ARM.attributes
                0x0000000000000000       0x1d c:/st/stm32cubeide_1.5.0/stm32cubeide/plugins/com.st.stm32cube.ide.mcu.externaltools.gnu-tools-for-stm32.7-2018-q2-update.win32_1.5.0.202011040924/tools/bin/../lib/gcc/arm-none-eabi/7.3.1/thumb/v7-m/crti.o
 .ARM.attributes
                0x000000000000001d       0x2d c:/st/stm32cubeide_1.5.0/stm32cubeide/plugins/com.st.stm32cube.ide.mcu.externaltools.gnu-tools-for-stm32.7-2018-q2-update.win32_1.5.0.202011040924/tools/bin/../lib/gcc/arm-none-eabi/7.3.1/thumb/v7-m/crtbegin.o
 .ARM.attributes
                0x000000000000004a       0x33 Core/Src/FIRFilter.o
 .ARM.attributes
                0x000000000000007d       0x33 Core/Src/freertos.o
 .ARM.attributes
                0x00000000000000b0       0x33 Core/Src/main.o
 .ARM.attributes
                0x00000000000000e3       0x33 Core/Src/stm32f1xx_hal_msp.o
 .ARM.attributes
                0x0000000000000116       0x33 Core/Src/stm32f1xx_hal_timebase_tim.o
 .ARM.attributes
                0x0000000000000149       0x33 Core/Src/stm32f1xx_it.o
 .ARM.attributes
                0x000000000000017c       0x33 Core/Src/sysmem.o
 .ARM.attributes
                0x00000000000001af       0x33 Core/Src/system_stm32f1xx.o
 .ARM.attributes
                0x00000000000001e2       0x21 Core/Startup/startup_stm32f103c8tx.o
 .ARM.attributes
                0x0000000000000203       0x33 Drivers/STM32F1xx_HAL_Driver/Src/stm32f1xx_hal.o
 .ARM.attributes
                0x0000000000000236       0x33 Drivers/STM32F1xx_HAL_Driver/Src/stm32f1xx_hal_adc.o
 .ARM.attributes
                0x0000000000000269       0x33 Drivers/STM32F1xx_HAL_Driver/Src/stm32f1xx_hal_cortex.o
 .ARM.attributes
                0x000000000000029c       0x33 Drivers/STM32F1xx_HAL_Driver/Src/stm32f1xx_hal_gpio.o
 .ARM.attributes
                0x00000000000002cf       0x33 Drivers/STM32F1xx_HAL_Driver/Src/stm32f1xx_hal_rcc.o
 .ARM.attributes
                0x0000000000000302       0x33 Drivers/STM32F1xx_HAL_Driver/Src/stm32f1xx_hal_rcc_ex.o
 .ARM.attributes
                0x0000000000000335       0x33 Drivers/STM32F1xx_HAL_Driver/Src/stm32f1xx_hal_tim.o
 .ARM.attributes
                0x0000000000000368       0x33 Drivers/STM32F1xx_HAL_Driver/Src/stm32f1xx_hal_tim_ex.o
 .ARM.attributes
                0x000000000000039b       0x33 Drivers/STM32F1xx_HAL_Driver/Src/stm32f1xx_hal_uart.o
 .ARM.attributes
                0x00000000000003ce       0x33 Middlewares/Third_Party/FreeRTOS/Source/list.o
 .ARM.attributes
                0x0000000000000401       0x33 Middlewares/Third_Party/FreeRTOS/Source/queue.o
 .ARM.attributes
                0x0000000000000434       0x33 Middlewares/Third_Party/FreeRTOS/Source/tasks.o
 .ARM.attributes
                0x0000000000000467       0x33 Middlewares/Third_Party/FreeRTOS/Source/portable/GCC/ARM_CM3/port.o
 .ARM.attributes
                0x000000000000049a       0x33 Middlewares/Third_Party/FreeRTOS/Source/portable/MemMang/heap_4.o
 .ARM.attributes
                0x00000000000004cd       0x33 Middlewares/Third_Party/SEGGER/Config/SEGGER_SYSVIEW_Config_FreeRTOS.o
 .ARM.attributes
                0x0000000000000500       0x33 Middlewares/Third_Party/SEGGER/OS/SEGGER_SYSVIEW_FreeRTOS.o
 .ARM.attributes
                0x0000000000000533       0x33 Middlewares/Third_Party/SEGGER/SEGGER/SEGGER_RTT.o
 .ARM.attributes
                0x0000000000000566       0x21 Middlewares/Third_Party/SEGGER/SEGGER/SEGGER_RTT_ASM_ARMv7M.o
 .ARM.attributes
                0x0000000000000587       0x33 Middlewares/Third_Party/SEGGER/SEGGER/SEGGER_SYSVIEW.o
 .ARM.attributes
                0x00000000000005ba       0x2d c:/st/stm32cubeide_1.5.0/stm32cubeide/plugins/com.st.stm32cube.ide.mcu.externaltools.gnu-tools-for-stm32.7-2018-q2-update.win32_1.5.0.202011040924/tools/bin/../lib/gcc/arm-none-eabi/7.3.1/../../../../arm-none-eabi/lib/thumb/v7-m\libc_nano.a(lib_a-errno.o)
 .ARM.attributes
                0x00000000000005e7       0x2d c:/st/stm32cubeide_1.5.0/stm32cubeide/plugins/com.st.stm32cube.ide.mcu.externaltools.gnu-tools-for-stm32.7-2018-q2-update.win32_1.5.0.202011040924/tools/bin/../lib/gcc/arm-none-eabi/7.3.1/../../../../arm-none-eabi/lib/thumb/v7-m\libc_nano.a(lib_a-impure.o)
 .ARM.attributes
                0x0000000000000614       0x2d c:/st/stm32cubeide_1.5.0/stm32cubeide/plugins/com.st.stm32cube.ide.mcu.externaltools.gnu-tools-for-stm32.7-2018-q2-update.win32_1.5.0.202011040924/tools/bin/../lib/gcc/arm-none-eabi/7.3.1/../../../../arm-none-eabi/lib/thumb/v7-m\libc_nano.a(lib_a-init.o)
 .ARM.attributes
                0x0000000000000641       0x2d c:/st/stm32cubeide_1.5.0/stm32cubeide/plugins/com.st.stm32cube.ide.mcu.externaltools.gnu-tools-for-stm32.7-2018-q2-update.win32_1.5.0.202011040924/tools/bin/../lib/gcc/arm-none-eabi/7.3.1/../../../../arm-none-eabi/lib/thumb/v7-m\libc_nano.a(lib_a-memcmp.o)
 .ARM.attributes
                0x000000000000066e       0x2d c:/st/stm32cubeide_1.5.0/stm32cubeide/plugins/com.st.stm32cube.ide.mcu.externaltools.gnu-tools-for-stm32.7-2018-q2-update.win32_1.5.0.202011040924/tools/bin/../lib/gcc/arm-none-eabi/7.3.1/../../../../arm-none-eabi/lib/thumb/v7-m\libc_nano.a(lib_a-memcpy-stub.o)
 .ARM.attributes
                0x000000000000069b       0x2d c:/st/stm32cubeide_1.5.0/stm32cubeide/plugins/com.st.stm32cube.ide.mcu.externaltools.gnu-tools-for-stm32.7-2018-q2-update.win32_1.5.0.202011040924/tools/bin/../lib/gcc/arm-none-eabi/7.3.1/../../../../arm-none-eabi/lib/thumb/v7-m\libc_nano.a(lib_a-memset.o)
 .ARM.attributes
                0x00000000000006c8       0x2d c:/st/stm32cubeide_1.5.0/stm32cubeide/plugins/com.st.stm32cube.ide.mcu.externaltools.gnu-tools-for-stm32.7-2018-q2-update.win32_1.5.0.202011040924/tools/bin/../lib/gcc/arm-none-eabi/7.3.1/../../../../arm-none-eabi/lib/thumb/v7-m\libc_nano.a(lib_a-sprintf.o)
 .ARM.attributes
                0x00000000000006f5       0x17 c:/st/stm32cubeide_1.5.0/stm32cubeide/plugins/com.st.stm32cube.ide.mcu.externaltools.gnu-tools-for-stm32.7-2018-q2-update.win32_1.5.0.202011040924/tools/bin/../lib/gcc/arm-none-eabi/7.3.1/../../../../arm-none-eabi/lib/thumb/v7-m\libc_nano.a(lib_a-strlen.o)
 .ARM.attributes
                0x000000000000070c       0x2d c:/st/stm32cubeide_1.5.0/stm32cubeide/plugins/com.st.stm32cube.ide.mcu.externaltools.gnu-tools-for-stm32.7-2018-q2-update.win32_1.5.0.202011040924/tools/bin/../lib/gcc/arm-none-eabi/7.3.1/../../../../arm-none-eabi/lib/thumb/v7-m\libc_nano.a(lib_a-nano-svfprintf.o)
 .ARM.attributes
                0x0000000000000739       0x2d c:/st/stm32cubeide_1.5.0/stm32cubeide/plugins/com.st.stm32cube.ide.mcu.externaltools.gnu-tools-for-stm32.7-2018-q2-update.win32_1.5.0.202011040924/tools/bin/../lib/gcc/arm-none-eabi/7.3.1/../../../../arm-none-eabi/lib/thumb/v7-m\libc_nano.a(lib_a-nano-vfprintf_i.o)
 .ARM.attributes
                0x0000000000000766       0x2d c:/st/stm32cubeide_1.5.0/stm32cubeide/plugins/com.st.stm32cube.ide.mcu.externaltools.gnu-tools-for-stm32.7-2018-q2-update.win32_1.5.0.202011040924/tools/bin/../lib/gcc/arm-none-eabi/7.3.1/../../../../arm-none-eabi/lib/thumb/v7-m\libc_nano.a(lib_a-memchr-stub.o)
 .ARM.attributes
                0x0000000000000793       0x2d c:/st/stm32cubeide_1.5.0/stm32cubeide/plugins/com.st.stm32cube.ide.mcu.externaltools.gnu-tools-for-stm32.7-2018-q2-update.win32_1.5.0.202011040924/tools/bin/../lib/gcc/arm-none-eabi/7.3.1/../../../../arm-none-eabi/lib/thumb/v7-m\libc_nano.a(lib_a-memmove.o)
 .ARM.attributes
                0x00000000000007c0       0x2d c:/st/stm32cubeide_1.5.0/stm32cubeide/plugins/com.st.stm32cube.ide.mcu.externaltools.gnu-tools-for-stm32.7-2018-q2-update.win32_1.5.0.202011040924/tools/bin/../lib/gcc/arm-none-eabi/7.3.1/../../../../arm-none-eabi/lib/thumb/v7-m\libc_nano.a(lib_a-nano-freer.o)
 .ARM.attributes
                0x00000000000007ed       0x2d c:/st/stm32cubeide_1.5.0/stm32cubeide/plugins/com.st.stm32cube.ide.mcu.externaltools.gnu-tools-for-stm32.7-2018-q2-update.win32_1.5.0.202011040924/tools/bin/../lib/gcc/arm-none-eabi/7.3.1/../../../../arm-none-eabi/lib/thumb/v7-m\libc_nano.a(lib_a-nano-mallocr.o)
 .ARM.attributes
                0x000000000000081a       0x2d c:/st/stm32cubeide_1.5.0/stm32cubeide/plugins/com.st.stm32cube.ide.mcu.externaltools.gnu-tools-for-stm32.7-2018-q2-update.win32_1.5.0.202011040924/tools/bin/../lib/gcc/arm-none-eabi/7.3.1/../../../../arm-none-eabi/lib/thumb/v7-m\libc_nano.a(lib_a-nano-reallocr.o)
 .ARM.attributes
                0x0000000000000847       0x2d c:/st/stm32cubeide_1.5.0/stm32cubeide/plugins/com.st.stm32cube.ide.mcu.externaltools.gnu-tools-for-stm32.7-2018-q2-update.win32_1.5.0.202011040924/tools/bin/../lib/gcc/arm-none-eabi/7.3.1/../../../../arm-none-eabi/lib/thumb/v7-m\libc_nano.a(lib_a-sbrkr.o)
 .ARM.attributes
                0x0000000000000874       0x2d c:/st/stm32cubeide_1.5.0/stm32cubeide/plugins/com.st.stm32cube.ide.mcu.externaltools.gnu-tools-for-stm32.7-2018-q2-update.win32_1.5.0.202011040924/tools/bin/../lib/gcc/arm-none-eabi/7.3.1/../../../../arm-none-eabi/lib/thumb/v7-m\libc_nano.a(lib_a-mlock.o)
 .ARM.attributes
                0x00000000000008a1       0x2d c:/st/stm32cubeide_1.5.0/stm32cubeide/plugins/com.st.stm32cube.ide.mcu.externaltools.gnu-tools-for-stm32.7-2018-q2-update.win32_1.5.0.202011040924/tools/bin/../lib/gcc/arm-none-eabi/7.3.1/../../../../arm-none-eabi/lib/thumb/v7-m\libc_nano.a(lib_a-nano-msizer.o)
 .ARM.attributes
                0x00000000000008ce       0x2d c:/st/stm32cubeide_1.5.0/stm32cubeide/plugins/com.st.stm32cube.ide.mcu.externaltools.gnu-tools-for-stm32.7-2018-q2-update.win32_1.5.0.202011040924/tools/bin/../lib/gcc/arm-none-eabi/7.3.1/../../../../arm-none-eabi/lib/thumb/v7-m\libc_nano.a(lib_a-reent.o)
 .ARM.attributes
                0x00000000000008fb       0x1d c:/st/stm32cubeide_1.5.0/stm32cubeide/plugins/com.st.stm32cube.ide.mcu.externaltools.gnu-tools-for-stm32.7-2018-q2-update.win32_1.5.0.202011040924/tools/bin/../lib/gcc/arm-none-eabi/7.3.1/thumb/v7-m\libgcc.a(_arm_addsubdf3.o)
 .ARM.attributes
                0x0000000000000918       0x1d c:/st/stm32cubeide_1.5.0/stm32cubeide/plugins/com.st.stm32cube.ide.mcu.externaltools.gnu-tools-for-stm32.7-2018-q2-update.win32_1.5.0.202011040924/tools/bin/../lib/gcc/arm-none-eabi/7.3.1/thumb/v7-m\libgcc.a(_arm_muldivdf3.o)
 .ARM.attributes
                0x0000000000000935       0x1d c:/st/stm32cubeide_1.5.0/stm32cubeide/plugins/com.st.stm32cube.ide.mcu.externaltools.gnu-tools-for-stm32.7-2018-q2-update.win32_1.5.0.202011040924/tools/bin/../lib/gcc/arm-none-eabi/7.3.1/thumb/v7-m\libgcc.a(_arm_truncdfsf2.o)
 .ARM.attributes
                0x0000000000000952       0x1d c:/st/stm32cubeide_1.5.0/stm32cubeide/plugins/com.st.stm32cube.ide.mcu.externaltools.gnu-tools-for-stm32.7-2018-q2-update.win32_1.5.0.202011040924/tools/bin/../lib/gcc/arm-none-eabi/7.3.1/thumb/v7-m\libgcc.a(_arm_addsubsf3.o)
 .ARM.attributes
                0x000000000000096f       0x1d c:/st/stm32cubeide_1.5.0/stm32cubeide/plugins/com.st.stm32cube.ide.mcu.externaltools.gnu-tools-for-stm32.7-2018-q2-update.win32_1.5.0.202011040924/tools/bin/../lib/gcc/arm-none-eabi/7.3.1/thumb/v7-m\libgcc.a(_arm_muldivsf3.o)
 .ARM.attributes
                0x000000000000098c       0x1d c:/st/stm32cubeide_1.5.0/stm32cubeide/plugins/com.st.stm32cube.ide.mcu.externaltools.gnu-tools-for-stm32.7-2018-q2-update.win32_1.5.0.202011040924/tools/bin/../lib/gcc/arm-none-eabi/7.3.1/thumb/v7-m\libgcc.a(_arm_cmpsf2.o)
 .ARM.attributes
                0x00000000000009a9       0x1d c:/st/stm32cubeide_1.5.0/stm32cubeide/plugins/com.st.stm32cube.ide.mcu.externaltools.gnu-tools-for-stm32.7-2018-q2-update.win32_1.5.0.202011040924/tools/bin/../lib/gcc/arm-none-eabi/7.3.1/thumb/v7-m\libgcc.a(_arm_fixsfsi.o)
 .ARM.attributes
                0x00000000000009c6       0x1d c:/st/stm32cubeide_1.5.0/stm32cubeide/plugins/com.st.stm32cube.ide.mcu.externaltools.gnu-tools-for-stm32.7-2018-q2-update.win32_1.5.0.202011040924/tools/bin/../lib/gcc/arm-none-eabi/7.3.1/thumb/v7-m\libgcc.a(_arm_fixunssfsi.o)
 .ARM.attributes
                0x00000000000009e3       0x1d c:/st/stm32cubeide_1.5.0/stm32cubeide/plugins/com.st.stm32cube.ide.mcu.externaltools.gnu-tools-for-stm32.7-2018-q2-update.win32_1.5.0.202011040924/tools/bin/../lib/gcc/arm-none-eabi/7.3.1/thumb/v7-m/crtn.o
OUTPUT(controle_temperatura_RTOS.elf elf32-littlearm)

.debug_info     0x0000000000000000    0x19572
 .debug_info    0x0000000000000000      0x17c Core/Src/FIRFilter.o
 .debug_info    0x000000000000017c      0x35a Core/Src/freertos.o
 .debug_info    0x00000000000004d6     0x1c08 Core/Src/main.o
 .debug_info    0x00000000000020de      0xffa Core/Src/stm32f1xx_hal_msp.o
 .debug_info    0x00000000000030d8      0x993 Core/Src/stm32f1xx_hal_timebase_tim.o
 .debug_info    0x0000000000003a6b      0x710 Core/Src/stm32f1xx_it.o
 .debug_info    0x000000000000417b      0x985 Core/Src/sysmem.o
 .debug_info    0x0000000000004b00      0x29a Core/Src/system_stm32f1xx.o
 .debug_info    0x0000000000004d9a       0x22 Core/Startup/startup_stm32f103c8tx.o
 .debug_info    0x0000000000004dbc      0x714 Drivers/STM32F1xx_HAL_Driver/Src/stm32f1xx_hal.o
 .debug_info    0x00000000000054d0      0xc6c Drivers/STM32F1xx_HAL_Driver/Src/stm32f1xx_hal_adc.o
 .debug_info    0x000000000000613c      0xb51 Drivers/STM32F1xx_HAL_Driver/Src/stm32f1xx_hal_cortex.o
 .debug_info    0x0000000000006c8d      0x69b Drivers/STM32F1xx_HAL_Driver/Src/stm32f1xx_hal_gpio.o
 .debug_info    0x0000000000007328      0x80f Drivers/STM32F1xx_HAL_Driver/Src/stm32f1xx_hal_rcc.o
 .debug_info    0x0000000000007b37      0x444 Drivers/STM32F1xx_HAL_Driver/Src/stm32f1xx_hal_rcc_ex.o
 .debug_info    0x0000000000007f7b     0x27f1 Drivers/STM32F1xx_HAL_Driver/Src/stm32f1xx_hal_tim.o
 .debug_info    0x000000000000a76c     0x13ab Drivers/STM32F1xx_HAL_Driver/Src/stm32f1xx_hal_tim_ex.o
 .debug_info    0x000000000000bb17     0x14ec Drivers/STM32F1xx_HAL_Driver/Src/stm32f1xx_hal_uart.o
 .debug_info    0x000000000000d003      0xadb Middlewares/Third_Party/FreeRTOS/Source/list.o
 .debug_info    0x000000000000dade     0x1f47 Middlewares/Third_Party/FreeRTOS/Source/queue.o
 .debug_info    0x000000000000fa25     0x24db Middlewares/Third_Party/FreeRTOS/Source/tasks.o
 .debug_info    0x0000000000011f00      0x559 Middlewares/Third_Party/FreeRTOS/Source/portable/GCC/ARM_CM3/port.o
 .debug_info    0x0000000000012459      0xc00 Middlewares/Third_Party/FreeRTOS/Source/portable/MemMang/heap_4.o
 .debug_info    0x0000000000013059      0x125 Middlewares/Third_Party/SEGGER/Config/SEGGER_SYSVIEW_Config_FreeRTOS.o
 .debug_info    0x000000000001317e      0xb92 Middlewares/Third_Party/SEGGER/OS/SEGGER_SYSVIEW_FreeRTOS.o
 .debug_info    0x0000000000013d10     0x1bab Middlewares/Third_Party/SEGGER/SEGGER/SEGGER_RTT.o
 .debug_info    0x00000000000158bb       0x26 Middlewares/Third_Party/SEGGER/SEGGER/SEGGER_RTT_ASM_ARMv7M.o
 .debug_info    0x00000000000158e1     0x3c91 Middlewares/Third_Party/SEGGER/SEGGER/SEGGER_SYSVIEW.o

.debug_abbrev   0x0000000000000000     0x34d9
 .debug_abbrev  0x0000000000000000       0xea Core/Src/FIRFilter.o
 .debug_abbrev  0x00000000000000ea      0x109 Core/Src/freertos.o
 .debug_abbrev  0x00000000000001f3      0x2d9 Core/Src/main.o
 .debug_abbrev  0x00000000000004cc      0x1e9 Core/Src/stm32f1xx_hal_msp.o
 .debug_abbrev  0x00000000000006b5      0x19d Core/Src/stm32f1xx_hal_timebase_tim.o
 .debug_abbrev  0x0000000000000852      0x15a Core/Src/stm32f1xx_it.o
 .debug_abbrev  0x00000000000009ac      0x19b Core/Src/sysmem.o
 .debug_abbrev  0x0000000000000b47      0x134 Core/Src/system_stm32f1xx.o
 .debug_abbrev  0x0000000000000c7b       0x12 Core/Startup/startup_stm32f103c8tx.o
 .debug_abbrev  0x0000000000000c8d      0x1c7 Drivers/STM32F1xx_HAL_Driver/Src/stm32f1xx_hal.o
 .debug_abbrev  0x0000000000000e54      0x1d5 Drivers/STM32F1xx_HAL_Driver/Src/stm32f1xx_hal_adc.o
 .debug_abbrev  0x0000000000001029      0x2d5 Drivers/STM32F1xx_HAL_Driver/Src/stm32f1xx_hal_cortex.o
 .debug_abbrev  0x00000000000012fe      0x1c0 Drivers/STM32F1xx_HAL_Driver/Src/stm32f1xx_hal_gpio.o
 .debug_abbrev  0x00000000000014be      0x243 Drivers/STM32F1xx_HAL_Driver/Src/stm32f1xx_hal_rcc.o
 .debug_abbrev  0x0000000000001701      0x175 Drivers/STM32F1xx_HAL_Driver/Src/stm32f1xx_hal_rcc_ex.o
 .debug_abbrev  0x0000000000001876      0x230 Drivers/STM32F1xx_HAL_Driver/Src/stm32f1xx_hal_tim.o
 .debug_abbrev  0x0000000000001aa6      0x236 Drivers/STM32F1xx_HAL_Driver/Src/stm32f1xx_hal_tim_ex.o
 .debug_abbrev  0x0000000000001cdc      0x25d Drivers/STM32F1xx_HAL_Driver/Src/stm32f1xx_hal_uart.o
 .debug_abbrev  0x0000000000001f39      0x1cf Middlewares/Third_Party/FreeRTOS/Source/list.o
 .debug_abbrev  0x0000000000002108      0x354 Middlewares/Third_Party/FreeRTOS/Source/queue.o
 .debug_abbrev  0x000000000000245c      0x345 Middlewares/Third_Party/FreeRTOS/Source/tasks.o
 .debug_abbrev  0x00000000000027a1      0x205 Middlewares/Third_Party/FreeRTOS/Source/portable/GCC/ARM_CM3/port.o
 .debug_abbrev  0x00000000000029a6      0x29e Middlewares/Third_Party/FreeRTOS/Source/portable/MemMang/heap_4.o
 .debug_abbrev  0x0000000000002c44       0xb5 Middlewares/Third_Party/SEGGER/Config/SEGGER_SYSVIEW_Config_FreeRTOS.o
 .debug_abbrev  0x0000000000002cf9      0x1ed Middlewares/Third_Party/SEGGER/OS/SEGGER_SYSVIEW_FreeRTOS.o
 .debug_abbrev  0x0000000000002ee6      0x2a7 Middlewares/Third_Party/SEGGER/SEGGER/SEGGER_RTT.o
 .debug_abbrev  0x000000000000318d       0x14 Middlewares/Third_Party/SEGGER/SEGGER/SEGGER_RTT_ASM_ARMv7M.o
 .debug_abbrev  0x00000000000031a1      0x338 Middlewares/Third_Party/SEGGER/SEGGER/SEGGER_SYSVIEW.o

.debug_aranges  0x0000000000000000     0x1540
 .debug_aranges
                0x0000000000000000       0x28 Core/Src/FIRFilter.o
 .debug_aranges
                0x0000000000000028       0x20 Core/Src/freertos.o
 .debug_aranges
                0x0000000000000048       0x78 Core/Src/main.o
 .debug_aranges
                0x00000000000000c0       0x58 Core/Src/stm32f1xx_hal_msp.o
 .debug_aranges
                0x0000000000000118       0x30 Core/Src/stm32f1xx_hal_timebase_tim.o
 .debug_aranges
                0x0000000000000148       0x50 Core/Src/stm32f1xx_it.o
 .debug_aranges
                0x0000000000000198       0x20 Core/Src/sysmem.o
 .debug_aranges
                0x00000000000001b8       0x28 Core/Src/system_stm32f1xx.o
 .debug_aranges
                0x00000000000001e0       0x28 Core/Startup/startup_stm32f103c8tx.o
 .debug_aranges
                0x0000000000000208       0xe0 Drivers/STM32F1xx_HAL_Driver/Src/stm32f1xx_hal.o
 .debug_aranges
                0x00000000000002e8       0xf0 Drivers/STM32F1xx_HAL_Driver/Src/stm32f1xx_hal_adc.o
 .debug_aranges
                0x00000000000003d8      0x100 Drivers/STM32F1xx_HAL_Driver/Src/stm32f1xx_hal_cortex.o
 .debug_aranges